Archive member included because of file (symbol)

contiki-sky.a(rimeaddr.o)     obj_sky/contiki-sky-main.o (rimeaddr_copy)
contiki-sky.a(nullrdc.o)      obj_sky/contiki-sky-main.o (nullrdc_driver)
contiki-sky.a(mac.o)          contiki-sky.a(nullrdc.o) (mac_call_sent_callback)
contiki-sky.a(framer-802154.o)
                              contiki-sky.a(nullrdc.o) (framer_802154)
contiki-sky.a(csma.o)         obj_sky/contiki-sky-main.o (csma_driver)
contiki-sky.a(process.o)      obj_sky/contiki-sky-main.o (process_init)
contiki-sky.a(autostart.o)    obj_sky/contiki-sky-main.o (autostart_start)
contiki-sky.a(memb.o)         contiki-sky.a(csma.o) (memb_init)
contiki-sky.a(timer.o)        obj_sky/contiki-sky-main.o (timer_set)
contiki-sky.a(list.o)         contiki-sky.a(csma.o) (list_init)
contiki-sky.a(etimer.o)       obj_sky/contiki-sky-main.o (etimer_process)
contiki-sky.a(ctimer.o)       obj_sky/contiki-sky-main.o (ctimer_init)
contiki-sky.a(energest.o)     obj_sky/contiki-sky-main.o (energest_init)
contiki-sky.a(rtimer.o)       obj_sky/contiki-sky-main.o (rtimer_init)
contiki-sky.a(random.o)       obj_sky/contiki-sky-main.o (random_init)
contiki-sky.a(packetbuf.o)    contiki-sky.a(framer-802154.o) (packetbuf_hdrreduce)
contiki-sky.a(queuebuf.o)     obj_sky/contiki-sky-main.o (queuebuf_init)
contiki-sky.a(sicslowpan.o)   obj_sky/contiki-sky-main.o (sicslowpan_driver)
contiki-sky.a(tcpip.o)        contiki-sky.a(sicslowpan.o) (tcpip_set_outputfunc)
contiki-sky.a(uip-ds6-route.o)
                              contiki-sky.a(tcpip.o) (uip_ds6_route_nexthop)
contiki-sky.a(uip-ds6-nbr.o)  contiki-sky.a(tcpip.o) (uip_ds6_nbr_add)
contiki-sky.a(uip-ds6.o)      contiki-sky.a(tcpip.o) (uip_ds6_is_addr_onlink)
contiki-sky.a(uip-nd6.o)      contiki-sky.a(tcpip.o) (uip_nd6_ns_output)
contiki-sky.a(uip6.o)         contiki-sky.a(sicslowpan.o) (uip_aligned_buf)
contiki-sky.a(er-coap-13.o)   FOG_client.co (coap_init_message)
contiki-sky.a(er-coap-13-engi)
                              FOG_client.co (coap_receiver_init)
contiki-sky.a(er-coap-13-tran)
                              contiki-sky.a(er-coap-13-engi) (coap_register_as_transaction_handler)
contiki-sky.a(er-coap-13-obse)
                              contiki-sky.a(er-coap-13-tran) (coap_remove_observer_by_client)
contiki-sky.a(erbium.o)       contiki-sky.a(er-coap-13-engi) (rest_activate_resource)
contiki-sky.a(contiki-sky-pla)
                              obj_sky/contiki-sky-main.o (init_platform)
contiki-sky.a(button-sensor.o)
                              FOG_client.co (button_sensor)
contiki-sky.a(ds2411.o)       obj_sky/contiki-sky-main.o (ds2411_init)
contiki-sky.a(xmem.o)         obj_sky/contiki-sky-main.o (xmem_init)
contiki-sky.a(node-id.o)      obj_sky/contiki-sky-main.o (node_id_restore)
contiki-sky.a(sensors.o)      contiki-sky.a(button-sensor.o) (sensors_changed)
contiki-sky.a(cc2420.o)       obj_sky/contiki-sky-main.o (cc2420_set_pan_addr)
contiki-sky.a(cc2420-arch.o)  contiki-sky.a(cc2420.o) (cc2420_arch_init)
contiki-sky.a(uart1.o)        obj_sky/contiki-sky-main.o (uart1_active)
contiki-sky.a(uart1-putchar.o)
                              obj_sky/contiki-sky-main.o (putchar)
contiki-sky.a(msp430.o)       contiki-sky.a(uart1.o) (msp430_add_lpm_req)
contiki-sky.a(clock.o)        contiki-sky.a(timer.o) (clock_time)
contiki-sky.a(leds.o)         obj_sky/contiki-sky-main.o (leds_init)
contiki-sky.a(leds-arch.o)    contiki-sky.a(leds.o) (leds_arch_init)
contiki-sky.a(watchdog.o)     obj_sky/contiki-sky-main.o (watchdog_start)
contiki-sky.a(rtimer-arch.o)  contiki-sky.a(rtimer.o) (rtimer_arch_init)
contiki-sky.a(frame802154.o)  contiki-sky.a(framer-802154.o) (frame802154_hdrlen)
contiki-sky.a(rpl.o)          contiki-sky.a(uip-ds6-nbr.o) (rpl_link_neighbor_callback)
contiki-sky.a(rpl-dag.o)      contiki-sky.a(rpl.o) (rpl_dag_init)
contiki-sky.a(rpl-icmp6.o)    contiki-sky.a(rpl.o) (dao_output_target)
contiki-sky.a(rpl-timers.o)   contiki-sky.a(rpl.o) (rpl_reset_periodic_timer)
contiki-sky.a(rpl-mrhof.o)    contiki-sky.a(rpl-dag.o) (rpl_mrhof)
contiki-sky.a(rpl-ext-header.)
                              contiki-sky.a(uip6.o) (rpl_verify_header)
contiki-sky.a(stimer.o)       contiki-sky.a(tcpip.o) (stimer_set)
contiki-sky.a(nbr-table.o)    contiki-sky.a(uip-ds6-route.o) (nbr_table_register)
contiki-sky.a(uip-icmp6.o)    contiki-sky.a(uip6.o) (uip_icmp6_echo_request_input)
contiki-sky.a(uip-udp-packet.)
                              contiki-sky.a(er-coap-13.o) (uip_udp_packet_send)
contiki-sky.a(spi.o)          contiki-sky.a(xmem.o) (spi_init)
/usr/local/msp430/bin/../lib/gcc/msp430/4.7.0/mmpy-16/libgcc.a(_mulsi3.o)
                              contiki-sky.a(csma.o) (__mulsi3)
/usr/local/msp430/bin/../lib/gcc/msp430/4.7.0/mmpy-16/libgcc.a(_udivmod16.o)
                              contiki-sky.a(rpl-dag.o) (__udivhi3)
/usr/local/msp430/bin/../lib/gcc/msp430/4.7.0/mmpy-16/libgcc.a(_divmod16.o)
                              contiki-sky.a(nbr-table.o) (__divhi3)
[...]
Memory Configuration

Name             Origin             Length             Attributes
sfr              0x00000000         0x00000010
peripheral_8bit  0x00000010         0x000000f0
peripheral_16bit 0x00000100         0x00000100
ram_mirror       0x00000200         0x00000800         xw
infomem          0x00001000         0x00000100
infob            0x00001000         0x00000080
infoa            0x00001080         0x00000080
ram              0x00001100         0x00002800         xw
rom              0x00004000         0x0000bfe0         xr
vectors          0x0000ffe0         0x00000020
bsl              0x00000000         0x00000000
infoc            0x00000000         0x00000000
infod            0x00000000         0x00000000
ram2             0x00000000         0x00000000         xw
usbram           0x00000000         0x00000000         xw
far_rom          0x00000000         0x00000000
*default*        0x00000000         0xffffffff

Linker script and memory map

LOAD /usr/local/msp430/bin/../lib/gcc/msp430/4.7.0/mmpy-16/crt0ivtbl16.o
LOAD FOG_client.co
LOAD obj_sky/contiki-sky-main.o
LOAD contiki-sky.a
LOAD /usr/local/msp430/bin/../lib/gcc/msp430/4.7.0/mmpy-16/libgcc.a
LOAD /usr/local/msp430/bin/../lib/gcc/msp430/4.7.0/../../../../msp430/lib/mmpy-16/libc.a
LOAD /usr/local/msp430/bin/../lib/gcc/msp430/4.7.0/mmpy-16/libgcc.a
LOAD /usr/local/msp430/bin/../lib/gcc/msp430/4.7.0/mmpy-16/libcrt0.a
                0x00000080                PROVIDE (__info_segment_size, 0x80)
                0x00001000                PROVIDE (__infob, 0x1000)
                0x00001080                PROVIDE (__infoa, 0x1080)
                0x00000000                __IE1 = 0x0
                0x00000002                __IFG1 = 0x2
                0x00000004                __ME1 = 0x4
                0x00000001                __IE2 = 0x1
                0x00000003                __IFG2 = 0x3
                0x00000005                __ME2 = 0x5
                0x00000120                __WDTCTL = 0x120
                0x00000130                __MPY = 0x130
                0x00000132                __MPYS = 0x132
                0x00000134                __MAC = 0x134
                0x00000136                __MACS = 0x136
                0x00000138                __OP2 = 0x138
                0x0000013a                __RESLO = 0x13a
                0x0000013c                __RESHI = 0x13c
                0x0000013e                __SUMEXT = 0x13e
                0x00000020                __P1IN = 0x20
                0x00000021                __P1OUT = 0x21
                0x00000022                __P1DIR = 0x22
                0x00000023                __P1IFG = 0x23
                0x00000024                __P1IES = 0x24
                0x00000025                __P1IE = 0x25
                0x00000026                __P1SEL = 0x26
                0x00000028                __P2IN = 0x28
                0x00000029                __P2OUT = 0x29
                0x0000002a                __P2DIR = 0x2a
                0x0000002b                __P2IFG = 0x2b
                0x0000002c                __P2IES = 0x2c
                0x0000002d                __P2IE = 0x2d
                0x0000002e                __P2SEL = 0x2e
                0x00000018                __P3IN = 0x18
                0x00000019                __P3OUT = 0x19
                0x0000001a                __P3DIR = 0x1a
                0x0000001b                __P3SEL = 0x1b
                0x0000001c                __P4IN = 0x1c
                0x0000001d                __P4OUT = 0x1d
                0x0000001e                __P4DIR = 0x1e
                0x0000001f                __P4SEL = 0x1f
                0x00000030                __P5IN = 0x30
                0x00000031                __P5OUT = 0x31
                0x00000032                __P5DIR = 0x32
                0x00000033                __P5SEL = 0x33
                0x00000034                __P6IN = 0x34
                0x00000035                __P6OUT = 0x35
                0x00000036                __P6DIR = 0x36
                0x00000037                __P6SEL = 0x37
                0x00000070                __U0CTL = 0x70
                0x00000071                __U0TCTL = 0x71
                0x00000072                __U0RCTL = 0x72
                0x00000073                __U0MCTL = 0x73
                0x00000074                __U0BR0 = 0x74
                0x00000075                __U0BR1 = 0x75
                0x00000076                __U0RXBUF = 0x76
                0x00000077                __U0TXBUF = 0x77
                0x00000078                __U1CTL = 0x78
                0x00000079                __U1TCTL = 0x79
                0x0000007a                __U1RCTL = 0x7a
                0x0000007b                __U1MCTL = 0x7b
                0x0000007c                __U1BR0 = 0x7c
                0x0000007d                __U1BR1 = 0x7d
                0x0000007e                __U1RXBUF = 0x7e
                0x0000007f                __U1TXBUF = 0x7f
                0x00000050                __I2CIE = 0x50
                0x00000051                __I2CIFG = 0x51
                0x00000052                __I2CNDAT = 0x52
                0x00000071                __I2CTCTL = 0x71
                0x00000072                __I2CDCTL = 0x72
                0x00000073                __I2CPSC = 0x73
                0x00000074                __I2CSCLH = 0x74
                0x00000075                __I2CSCLL = 0x75
                0x00000076                __I2CDRB = 0x76
                0x00000076                __I2CDRW = 0x76
                0x00000118                __I2COA = 0x118
                0x0000011a                __I2CSA = 0x11a
                0x0000011c                __I2CIV = 0x11c
                0x0000012e                __TAIV = 0x12e
                0x00000160                __TACTL = 0x160
                0x00000162                __TACCTL0 = 0x162
                0x00000164                __TACCTL1 = 0x164
                0x00000166                __TACCTL2 = 0x166
                0x00000170                __TAR = 0x170
                0x00000172                __TACCR0 = 0x172
                0x00000174                __TACCR1 = 0x174
                0x00000176                __TACCR2 = 0x176
                0x0000011e                __TBIV = 0x11e
                0x00000180                __TBCTL = 0x180
                0x00000182                __TBCCTL0 = 0x182
                0x00000184                __TBCCTL1 = 0x184
                0x00000186                __TBCCTL2 = 0x186
                0x00000188                __TBCCTL3 = 0x188
                0x0000018a                __TBCCTL4 = 0x18a
                0x0000018c                __TBCCTL5 = 0x18c
                0x0000018e                __TBCCTL6 = 0x18e
                0x00000190                __TBR = 0x190
                0x00000192                __TBCCR0 = 0x192
                0x00000194                __TBCCR1 = 0x194
                0x00000196                __TBCCR2 = 0x196
                0x00000198                __TBCCR3 = 0x198
                0x0000019a                __TBCCR4 = 0x19a
                0x0000019c                __TBCCR5 = 0x19c
                0x0000019e                __TBCCR6 = 0x19e
                0x00000056                __DCOCTL = 0x56
                0x00000057                __BCSCTL1 = 0x57
                0x00000058                __BCSCTL2 = 0x58
                0x00000055                __SVSCTL = 0x55
                0x00000128                __FCTL1 = 0x128
                0x0000012a                __FCTL2 = 0x12a
                0x0000012c                __FCTL3 = 0x12c
                0x00000059                __CACTL1 = 0x59
                0x0000005a                __CACTL2 = 0x5a
                0x0000005b                __CAPD = 0x5b
                0x000001a0                __ADC12CTL0 = 0x1a0
                0x000001a2                __ADC12CTL1 = 0x1a2
                0x000001a4                __ADC12IFG = 0x1a4
                0x000001a6                __ADC12IE = 0x1a6
                0x000001a8                __ADC12IV = 0x1a8
                0x00000140                __ADC12MEM0 = 0x140
                0x00000142                __ADC12MEM1 = 0x142
                0x00000144                __ADC12MEM2 = 0x144
                0x00000146                __ADC12MEM3 = 0x146
                0x00000148                __ADC12MEM4 = 0x148
                0x0000014a                __ADC12MEM5 = 0x14a
                0x0000014c                __ADC12MEM6 = 0x14c
                0x0000014e                __ADC12MEM7 = 0x14e
                0x00000150                __ADC12MEM8 = 0x150
                0x00000152                __ADC12MEM9 = 0x152
                0x00000154                __ADC12MEM10 = 0x154
                0x00000156                __ADC12MEM11 = 0x156
                0x00000158                __ADC12MEM12 = 0x158
                0x0000015a                __ADC12MEM13 = 0x15a
                0x0000015c                __ADC12MEM14 = 0x15c
                0x0000015e                __ADC12MEM15 = 0x15e
                0x00000080                __ADC12MCTL0 = 0x80
                0x00000081                __ADC12MCTL1 = 0x81
                0x00000082                __ADC12MCTL2 = 0x82
                0x00000083                __ADC12MCTL3 = 0x83
                0x00000084                __ADC12MCTL4 = 0x84
                0x00000085                __ADC12MCTL5 = 0x85
                0x00000086                __ADC12MCTL6 = 0x86
                0x00000087                __ADC12MCTL7 = 0x87
                0x00000088                __ADC12MCTL8 = 0x88
                0x00000089                __ADC12MCTL9 = 0x89
                0x0000008a                __ADC12MCTL10 = 0x8a
                0x0000008b                __ADC12MCTL11 = 0x8b
                0x0000008c                __ADC12MCTL12 = 0x8c
                0x0000008d                __ADC12MCTL13 = 0x8d
                0x0000008e                __ADC12MCTL14 = 0x8e
                0x0000008f                __ADC12MCTL15 = 0x8f
                0x000001c0                __DAC12_0CTL = 0x1c0
                0x000001c2                __DAC12_1CTL = 0x1c2
                0x000001c8                __DAC12_0DAT = 0x1c8
                0x000001ca                __DAC12_1DAT = 0x1ca
                0x00000122                __DMACTL0 = 0x122
                0x00000124                __DMACTL1 = 0x124
                0x000001e0                __DMA0CTL = 0x1e0
                0x000001e8                __DMA1CTL = 0x1e8
                0x000001f0                __DMA2CTL = 0x1f0
                0x000001e2                __DMA0SA = 0x1e2
                0x000001e4                __DMA0DA = 0x1e4
                0x000001e6                __DMA0SZ = 0x1e6
                0x000001ea                __DMA1SA = 0x1ea
                0x000001ec                __DMA1DA = 0x1ec
                0x000001ee                __DMA1SZ = 0x1ee
                0x000001f2                __DMA2SA = 0x1f2
                0x000001f4                __DMA2DA = 0x1f4
                0x000001f6                __DMA2SZ = 0x1f6

.hash
 *(.hash)

.dynsym
 *(.dynsym)

.dynstr
 *(.dynstr)

.gnu.version
 *(.gnu.version)

.gnu.version_d
 *(.gnu.version_d)

.gnu.version_r
 *(.gnu.version_r)

.rel.init
 *(.rel.init)

.rela.init
 *(.rela.init)

.rel.fini
 *(.rel.fini)

.rela.fini
 *(.rela.fini)

.rel.text
 *(.rel.text .rel.text.* .rel.gnu.linkonce.t.*)

.rela.text
 *(.rela.text .rela.text.* .rela.gnu.linkonce.t.*)

.rel.rodata
 *(.rel.rodata .rel.rodata.* .rel.gnu.linkonce.r.*)

.rela.rodata
 *(.rela.rodata .rela.rodata.* .rela.gnu.linkonce.r.*)

.rel.data
 *(.rel.data .rel.data.* .rel.gnu.linkonce.d.*)

.rela.data
 *(.rela.data .rela.data.* .rela.gnu.linkonce.d.*)

.rel.bss
 *(.rel.bss .rel.bss.* .rel.gnu.linkonce.b.*)

.rela.bss
 *(.rela.bss .rela.bss.* .rela.gnu.linkonce.b.*)

.rel.ctors
 *(.rel.ctors)

.rela.ctors
 *(.rela.ctors)

.rel.dtors
 *(.rel.dtors)

.rela.dtors
 *(.rela.dtors)

.rel.got
 *(.rel.got)

.rela.got
 *(.rela.got)

.rel.plt
 *(.rel.plt)

.rela.plt
 *(.rela.plt)

.text           0x00004000     0xb10c
                0x00004000                . = ALIGN (0x2)
 *(.init .init.*)
 *(.init0)
 .init0         0x00004000        0x0 /usr/local/msp430/bin/../lib/gcc/msp430/4.7.0/mmpy-16/libcrt0.a(_reset_vector__.o)
                0x00004000                _reset_vector__
 *(.init1)
 .init1         0x00004000        0xc /usr/local/msp430/bin/../lib/gcc/msp430/4.7.0/mmpy-16/libcrt0.a(__watchdog_support.o)
                0x00004000                __watchdog_support
 *(.init2)
 .init2         0x0000400c        0x4 /usr/local/msp430/bin/../lib/gcc/msp430/4.7.0/mmpy-16/libcrt0.a(__init_stack.o)
                0x0000400c                __init_stack
 *(.init3)
 .init3         0x00004010        0x0 /usr/local/msp430/bin/../lib/gcc/msp430/4.7.0/mmpy-16/libcrt0.a(__low_level_init.o)
                0x00004010                __low_level_init
 *(.init4)
 .init4         0x00004010       0x18 /usr/local/msp430/bin/../lib/gcc/msp430/4.7.0/mmpy-16/libcrt0.a(_copy_data.o)
                0x00004010                __do_copy_data
 .init4         0x00004028       0x16 /usr/local/msp430/bin/../lib/gcc/msp430/4.7.0/mmpy-16/libcrt0.a(_clear_bss.o)
                0x00004028                __do_clear_bss
 *(.init5)
 *(.init6)
 *(.init7)
 *(.init8)
 *(.init9)
 .init9         0x0000403e      0x35e obj_sky/contiki-sky-main.o
                0x0000403e                main
 *(.fini9)
 .fini9         0x0000439c        0x0 /usr/local/msp430/bin/../lib/gcc/msp430/4.7.0/mmpy-16/libcrt0.a(__stop_progExec__.o)
                0x0000439c                __stop_progExec__
 *(.fini8)
 *(.fini7)
 *(.fini6)
 *(.fini5)
 *(.fini4)
 *(.fini3)
 *(.fini2)
 *(.fini1)
 *(.fini0)
 .fini0         0x0000439c        0x6 /usr/local/msp430/bin/../lib/gcc/msp430/4.7.0/mmpy-16/libcrt0.a(_endless_loop__.o)
                0x0000439c                _endless_loop__
 *(.fini .fini.*)
                0x000043a2                . = ALIGN (0x2)
                0x000043a2                __ctors_start = .
 *(.ctors)
                0x000043a2                __ctors_end = .
                0x000043a2                __dtors_start = .
 *(.dtors)
                0x000043a2                __dtors_end = .
                0x000043a2                . = ALIGN (0x2)
 *(.text .text.* .gnu.linkonce.t.*)
 .text          0x000043a2        0x4 /usr/local/msp430/bin/../lib/gcc/msp430/4.7.0/mmpy-16/crt0ivtbl16.o
                0x000043a2                __isr_14
                0x000043a2                __isr_11
                0x000043a2                __isr_2
                0x000043a2                __isr_7
                0x000043a2                __isr_0
                0x000043a2                __isr_8
                0x000043a2                __isr_3
                0x000043a2                __isr_12
                0x000043a2                __isr_13
                0x000043a2                __isr_9
 .text.process_thread_coap_client_example
                0x000043a6      0x1a2 FOG_client.co
 .text.client_chunk_handler
                0x00004548       0xc0 FOG_client.co
                0x00004548                client_chunk_handler
 .text.rimeaddr_copy
                0x00004608        0x8 contiki-sky.a(rimeaddr.o)
                0x00004608                rimeaddr_copy
 .text.rimeaddr_cmp
                0x00004610       0x12 contiki-sky.a(rimeaddr.o)
                0x00004610                rimeaddr_cmp
 .text.rimeaddr_set_node_addr
                0x00004622        0xc contiki-sky.a(rimeaddr.o)
                0x00004622                rimeaddr_set_node_addr
 .text.on       0x0000462e        0x6 contiki-sky.a(nullrdc.o)
 .text.channel_check_interval
                0x00004634        0x4 contiki-sky.a(nullrdc.o)
 .text.init     0x00004638        0x6 contiki-sky.a(nullrdc.o)
 .text.off      0x0000463e       0x10 contiki-sky.a(nullrdc.o)
 .text.packet_input
                0x0000464e       0x38 contiki-sky.a(nullrdc.o)
 .text.send_one_packet
                0x00004686       0x6a contiki-sky.a(nullrdc.o)
 .text.send_list
                0x000046f0       0x30 contiki-sky.a(nullrdc.o)
 .text.send_packet
                0x00004720        0x6 contiki-sky.a(nullrdc.o)
 .text.mac_call_sent_callback
                0x00004726       0x14 contiki-sky.a(mac.o)
                0x00004726                mac_call_sent_callback
 .text.create   0x0000473a      0x10a contiki-sky.a(framer-802154.o)
 .text.parse    0x00004844       0xac contiki-sky.a(framer-802154.o)
 .text.input_packet
                0x000048f0        0x6 contiki-sky.a(csma.o)
 .text.on       0x000048f6        0x6 contiki-sky.a(csma.o)
 .text.off      0x000048fc        0x6 contiki-sky.a(csma.o)
 .text.channel_check_interval
                0x00004902       0x10 contiki-sky.a(csma.o)
 .text.transmit_packet_list
                0x00004912       0x24 contiki-sky.a(csma.o)
 .text.init     0x00004936       0x1a contiki-sky.a(csma.o)
 .text.send_packet
                0x00004950      0x164 contiki-sky.a(csma.o)
 .text.free_packet
                0x00004ab4       0x9c contiki-sky.a(csma.o)
 .text.packet_sent
                0x00004b50      0x132 contiki-sky.a(csma.o)
 .text.call_process
                0x00004c82       0x46 contiki-sky.a(process.o)
 .text.exit_process
                0x00004cc8       0x96 contiki-sky.a(process.o)
 .text.do_poll  0x00004d5e       0x30 contiki-sky.a(process.o)
 .text.process_alloc_event
                0x00004d8e        0xe contiki-sky.a(process.o)
                0x00004d8e                process_alloc_event
 .text.process_init
                0x00004d9c       0x1c contiki-sky.a(process.o)
                0x00004d9c                process_init
 .text.process_run
                0x00004db8       0xa2 contiki-sky.a(process.o)
                0x00004db8                process_run
 .text.process_nevents
                0x00004e5a        0xe contiki-sky.a(process.o)
                0x00004e5a                process_nevents
 .text.process_post
                0x00004e68       0x54 contiki-sky.a(process.o)
                0x00004e68                process_post
 .text.process_post_synch
                0x00004ebc       0x12 contiki-sky.a(process.o)
                0x00004ebc                process_post_synch
 .text.process_start
                0x00004ece       0x36 contiki-sky.a(process.o)
                0x00004ece                process_start
 .text.process_poll
                0x00004f04       0x18 contiki-sky.a(process.o)
                0x00004f04                process_poll
 .text.autostart_start
                0x00004f1c       0x16 contiki-sky.a(autostart.o)
                0x00004f1c                autostart_start
 .text.memb_init
                0x00004f32       0x36 contiki-sky.a(memb.o)
                0x00004f32                memb_init
 .text.memb_alloc
                0x00004f68       0x3e contiki-sky.a(memb.o)
                0x00004f68                memb_alloc
 .text.memb_free
                0x00004fa6       0x3a contiki-sky.a(memb.o)
                0x00004fa6                memb_free
 .text.memb_inmemb
                0x00004fe0       0x2a contiki-sky.a(memb.o)
                0x00004fe0                memb_inmemb
 .text.timer_set
                0x0000500a       0x1c contiki-sky.a(timer.o)
                0x0000500a                timer_set
 .text.timer_reset
                0x00005026        0xe contiki-sky.a(timer.o)
                0x00005026                timer_reset
 .text.timer_restart
                0x00005034       0x14 contiki-sky.a(timer.o)
                0x00005034                timer_restart
 .text.timer_expired
                0x00005048       0x2a contiki-sky.a(timer.o)
                0x00005048                timer_expired
 .text.list_init
                0x00005072        0x6 contiki-sky.a(list.o)
                0x00005072                list_init
 .text.list_head
                0x00005078        0x4 contiki-sky.a(list.o)
                0x00005078                list_head
 .text.list_tail
                0x0000507c       0x12 contiki-sky.a(list.o)
                0x0000507c                list_tail
 .text.list_remove
                0x0000508e       0x34 contiki-sky.a(list.o)
                0x0000508e                list_remove
 .text.list_push
                0x000050c2       0x1a contiki-sky.a(list.o)
                0x000050c2                list_push
 .text.list_add
                0x000050dc       0x2a contiki-sky.a(list.o)
                0x000050dc                list_add
 .text.list_length
                0x00005106       0x10 contiki-sky.a(list.o)
                0x00005106                list_length
 .text.list_item_next
                0x00005116        0xc contiki-sky.a(list.o)
                0x00005116                list_item_next
 .text.update_time
                0x00005122       0x78 contiki-sky.a(etimer.o)
 .text.etimer_request_poll
                0x0000519a        0xa contiki-sky.a(etimer.o)
                0x0000519a                etimer_request_poll
 .text.process_thread_etimer_process
                0x000051a4       0xcc contiki-sky.a(etimer.o)
 .text.add_timer
                0x00005270       0x40 contiki-sky.a(etimer.o)
 .text.etimer_set
                0x000052b0       0x12 contiki-sky.a(etimer.o)
                0x000052b0                etimer_set
 .text.etimer_reset
                0x000052c2       0x12 contiki-sky.a(etimer.o)
                0x000052c2                etimer_reset
 .text.etimer_restart
                0x000052d4       0x12 contiki-sky.a(etimer.o)
                0x000052d4                etimer_restart
 .text.etimer_expired
                0x000052e6        0xe contiki-sky.a(etimer.o)
                0x000052e6                etimer_expired
 .text.etimer_expiration_time
                0x000052f4       0x14 contiki-sky.a(etimer.o)
                0x000052f4                etimer_expiration_time
 .text.etimer_pending
                0x00005308        0xc contiki-sky.a(etimer.o)
                0x00005308                etimer_pending
 .text.etimer_next_expiration_time
                0x00005314       0x16 contiki-sky.a(etimer.o)
                0x00005314                etimer_next_expiration_time
 .text.etimer_stop
                0x0000532a       0x3e contiki-sky.a(etimer.o)
                0x0000532a                etimer_stop
 .text.process_thread_ctimer_process
                0x00005368       0xa8 contiki-sky.a(ctimer.o)
 .text.ctimer_init
                0x00005410       0x18 contiki-sky.a(ctimer.o)
                0x00005410                ctimer_init
 .text.ctimer_set
                0x00005428       0x5a contiki-sky.a(ctimer.o)
                0x00005428                ctimer_set
 .text.ctimer_reset
                0x00005482       0x3a contiki-sky.a(ctimer.o)
                0x00005482                ctimer_reset
 .text.ctimer_stop
                0x000054bc       0x28 contiki-sky.a(ctimer.o)
                0x000054bc                ctimer_stop
 .text.energest_init
                0x000054e4       0x26 contiki-sky.a(energest.o)
                0x000054e4                energest_init
 .text.energest_type_time
                0x0000550a       0x48 contiki-sky.a(energest.o)
                0x0000550a                energest_type_time
 .text.energest_type_set
                0x00005552        0xe contiki-sky.a(energest.o)
                0x00005552                energest_type_set
 .text.energest_flush
                0x00005560       0x48 contiki-sky.a(energest.o)
                0x00005560                energest_flush
 .text.rtimer_init
                0x000055a8        0x6 contiki-sky.a(rtimer.o)
                0x000055a8                rtimer_init
 .text.rtimer_run_next
                0x000055ae       0x26 contiki-sky.a(rtimer.o)
                0x000055ae                rtimer_run_next
 .text.random_init
                0x000055d4        0x6 contiki-sky.a(random.o)
                0x000055d4                random_init
 .text.random_rand
                0x000055da        0x6 contiki-sky.a(random.o)
                0x000055da                random_rand
 .text.packetbuf_copyto_hdr
                0x000055e0       0x1c contiki-sky.a(packetbuf.o)
                0x000055e0                packetbuf_copyto_hdr
 .text.packetbuf_copyto
                0x000055fc       0x52 contiki-sky.a(packetbuf.o)
                0x000055fc                packetbuf_copyto
 .text.packetbuf_hdrreduce
                0x0000564e       0x1a contiki-sky.a(packetbuf.o)
                0x0000564e                packetbuf_hdrreduce
 .text.packetbuf_set_datalen
                0x00005668        0x6 contiki-sky.a(packetbuf.o)
                0x00005668                packetbuf_set_datalen
 .text.packetbuf_dataptr
                0x0000566e        0xe contiki-sky.a(packetbuf.o)
                0x0000566e                packetbuf_dataptr
 .text.packetbuf_hdrptr
                0x0000567c        0xa contiki-sky.a(packetbuf.o)
                0x0000567c                packetbuf_hdrptr
 .text.packetbuf_is_reference
                0x00005686        0xe contiki-sky.a(packetbuf.o)
                0x00005686                packetbuf_is_reference
 .text.packetbuf_reference_ptr
                0x00005694        0x6 contiki-sky.a(packetbuf.o)
                0x00005694                packetbuf_reference_ptr
 .text.packetbuf_datalen
                0x0000569a        0x6 contiki-sky.a(packetbuf.o)
                0x0000569a                packetbuf_datalen
 .text.packetbuf_totlen
                0x000056a0       0x10 contiki-sky.a(packetbuf.o)
                0x000056a0                packetbuf_totlen
 .text.packetbuf_hdralloc
                0x000056b0       0x2e contiki-sky.a(packetbuf.o)
                0x000056b0                packetbuf_hdralloc
 .text.packetbuf_attr_clear
                0x000056de       0x30 contiki-sky.a(packetbuf.o)
                0x000056de                packetbuf_attr_clear
 .text.packetbuf_clear
                0x0000570e       0x1a contiki-sky.a(packetbuf.o)
                0x0000570e                packetbuf_clear
 .text.packetbuf_copyfrom
                0x00005728       0x2e contiki-sky.a(packetbuf.o)
                0x00005728                packetbuf_copyfrom
 .text.packetbuf_attr_copyto
                0x00005756       0x22 contiki-sky.a(packetbuf.o)
                0x00005756                packetbuf_attr_copyto
 .text.packetbuf_attr_copyfrom
                0x00005778       0x24 contiki-sky.a(packetbuf.o)
                0x00005778                packetbuf_attr_copyfrom
 .text.queuebuf_init
                0x0000579c       0x1a contiki-sky.a(queuebuf.o)
                0x0000579c                queuebuf_init
 .text.queuebuf_new_from_packetbuf
                0x000057b6       0x7e contiki-sky.a(queuebuf.o)
                0x000057b6                queuebuf_new_from_packetbuf
 .text.queuebuf_update_attr_from_packetbuf
                0x00005834       0x12 contiki-sky.a(queuebuf.o)
                0x00005834                queuebuf_update_attr_from_packetbuf
 .text.queuebuf_free
                0x00005846       0x40 contiki-sky.a(queuebuf.o)
                0x00005846                queuebuf_free
 .text.queuebuf_to_packetbuf
                0x00005886       0x6e contiki-sky.a(queuebuf.o)
                0x00005886                queuebuf_to_packetbuf
 .text.queuebuf_attr
                0x000058f4        0xe contiki-sky.a(queuebuf.o)
                0x000058f4                queuebuf_attr
 .text.set_packet_attrs
                0x00005902       0x46 contiki-sky.a(sicslowpan.o)
 .text.addr_context_lookup_by_number
                0x00005948       0x32 contiki-sky.a(sicslowpan.o)
 .text.compress_addr_64
                0x0000597a       0xae contiki-sky.a(sicslowpan.o)
 .text.uncompress_addr
                0x00005a28       0xb4 contiki-sky.a(sicslowpan.o)
 .text.input    0x00005adc      0x624 contiki-sky.a(sicslowpan.o)
 .text.sicslowpan_init
                0x00006100       0x26 contiki-sky.a(sicslowpan.o)
                0x00006100                sicslowpan_init
 .text.addr_context_lookup_by_prefix
                0x00006126       0x4c contiki-sky.a(sicslowpan.o)
 .text.packet_sent
                0x00006172       0x22 contiki-sky.a(sicslowpan.o)
 .text.send_packet
                0x00006194       0x1a contiki-sky.a(sicslowpan.o)
 .text.output   0x000061ae      0x6ee contiki-sky.a(sicslowpan.o)
 .text.tcpip_output
                0x0000689c       0x10 contiki-sky.a(tcpip.o)
                0x0000689c                tcpip_output
 .text.tcpip_set_outputfunc
                0x000068ac        0x6 contiki-sky.a(tcpip.o)
                0x000068ac                tcpip_set_outputfunc
 .text.udp_new  0x000068b2       0x1a contiki-sky.a(tcpip.o)
                0x000068b2                udp_new
 .text.tcpip_input
                0x000068cc       0x16 contiki-sky.a(tcpip.o)
                0x000068cc                tcpip_input
 .text.tcpip_ipv6_output
                0x000068e2      0x152 contiki-sky.a(tcpip.o)
                0x000068e2                tcpip_ipv6_output
 .text.process_thread_tcpip_process
                0x00006a34       0xd4 contiki-sky.a(tcpip.o)
 .text.tcpip_uipcall
                0x00006b08       0x2a contiki-sky.a(tcpip.o)
                0x00006b08                tcpip_uipcall
 .text.call_route_callback
                0x00006b32       0x4c contiki-sky.a(uip-ds6-route.o)
 .text.uip_ds6_route_init
                0x00006b7e       0x2e contiki-sky.a(uip-ds6-route.o)
                0x00006b7e                uip_ds6_route_init
 .text.uip_ds6_route_nexthop
                0x00006bac       0x1a contiki-sky.a(uip-ds6-route.o)
                0x00006bac                uip_ds6_route_nexthop
 .text.uip_ds6_route_head
                0x00006bc6       0x28 contiki-sky.a(uip-ds6-route.o)
                0x00006bc6                uip_ds6_route_head
 .text.uip_ds6_route_next
                0x00006bee       0x30 contiki-sky.a(uip-ds6-route.o)
                0x00006bee                uip_ds6_route_next
 .text.uip_ds6_route_lookup
                0x00006c1e       0x5e contiki-sky.a(uip-ds6-route.o)
                0x00006c1e                uip_ds6_route_lookup
 .text.uip_ds6_route_add
                0x00006c7c       0xb4 contiki-sky.a(uip-ds6-route.o)
                0x00006c7c                uip_ds6_route_add
 .text.uip_ds6_route_rm
                0x00006d30       0x60 contiki-sky.a(uip-ds6-route.o)
                0x00006d30                uip_ds6_route_rm
 .text.rm_routelist
                0x00006d90       0x30 contiki-sky.a(uip-ds6-route.o)
 .text.rm_routelist_callback
                0x00006dc0        0x6 contiki-sky.a(uip-ds6-route.o)
 .text.uip_ds6_defrt_rm
                0x00006dc6       0x48 contiki-sky.a(uip-ds6-route.o)
                0x00006dc6                uip_ds6_defrt_rm
 .text.uip_ds6_defrt_lookup
                0x00006e0e       0x36 contiki-sky.a(uip-ds6-route.o)
                0x00006e0e                uip_ds6_defrt_lookup
 .text.uip_ds6_defrt_add
                0x00006e44       0x74 contiki-sky.a(uip-ds6-route.o)
                0x00006e44                uip_ds6_defrt_add
 .text.uip_ds6_defrt_choose
                0x00006eb8       0x3a contiki-sky.a(uip-ds6-route.o)
                0x00006eb8                uip_ds6_defrt_choose
 .text.uip_ds6_defrt_periodic
                0x00006ef2       0x38 contiki-sky.a(uip-ds6-route.o)
                0x00006ef2                uip_ds6_defrt_periodic
 .text.uip_ds6_nbr_rm
                0x00006f2a       0x1a contiki-sky.a(uip-ds6-nbr.o)
                0x00006f2a                uip_ds6_nbr_rm
 .text.uip_ds6_neighbors_init
                0x00006f44        0xe contiki-sky.a(uip-ds6-nbr.o)
                0x00006f44                uip_ds6_neighbors_init
 .text.uip_ds6_nbr_add
                0x00006f52       0x60 contiki-sky.a(uip-ds6-nbr.o)
                0x00006f52                uip_ds6_nbr_add
 .text.uip_ds6_nbr_get_ll
                0x00006fb2        0xc contiki-sky.a(uip-ds6-nbr.o)
                0x00006fb2                uip_ds6_nbr_get_ll
 .text.uip_ds6_nbr_lookup
                0x00006fbe       0x42 contiki-sky.a(uip-ds6-nbr.o)
                0x00006fbe                uip_ds6_nbr_lookup
 .text.uip_ds6_nbr_ll_lookup
                0x00007000        0xc contiki-sky.a(uip-ds6-nbr.o)
                0x00007000                uip_ds6_nbr_ll_lookup
 .text.uip_ds6_nbr_ipaddr_from_lladdr
                0x0000700c        0x6 contiki-sky.a(uip-ds6-nbr.o)
                0x0000700c                uip_ds6_nbr_ipaddr_from_lladdr
 .text.uip_ds6_nbr_lladdr_from_ipaddr
                0x00007012       0x12 contiki-sky.a(uip-ds6-nbr.o)
                0x00007012                uip_ds6_nbr_lladdr_from_ipaddr
 .text.uip_ds6_link_neighbor_callback
                0x00007024       0x2a contiki-sky.a(uip-ds6-nbr.o)
                0x00007024                uip_ds6_link_neighbor_callback
 .text.uip_ds6_neighbor_periodic
                0x0000704e       0xfe contiki-sky.a(uip-ds6-nbr.o)
                0x0000704e                uip_ds6_neighbor_periodic
 .text.uip_ds6_list_loop
                0x0000714c       0x86 contiki-sky.a(uip-ds6.o)
                0x0000714c                uip_ds6_list_loop
 .text.uip_ds6_prefix_add
                0x000071d2       0x80 contiki-sky.a(uip-ds6.o)
                0x000071d2                uip_ds6_prefix_add
 .text.uip_ds6_is_addr_onlink
                0x00007252       0x54 contiki-sky.a(uip-ds6.o)
                0x00007252                uip_ds6_is_addr_onlink
 .text.uip_ds6_addr_lookup
                0x000072a6       0x2a contiki-sky.a(uip-ds6.o)
                0x000072a6                uip_ds6_addr_lookup
 .text.uip_ds6_get_link_local
                0x000072d0       0x3e contiki-sky.a(uip-ds6.o)
                0x000072d0                uip_ds6_get_link_local
 .text.uip_ds6_maddr_add
                0x0000730e       0x4c contiki-sky.a(uip-ds6.o)
                0x0000730e                uip_ds6_maddr_add
 .text.uip_ds6_addr_add
                0x0000735a       0xc4 contiki-sky.a(uip-ds6.o)
                0x0000735a                uip_ds6_addr_add
 .text.uip_ds6_maddr_rm
                0x0000741e        0xa contiki-sky.a(uip-ds6.o)
                0x0000741e                uip_ds6_maddr_rm
 .text.uip_ds6_maddr_lookup
                0x00007428       0x2a contiki-sky.a(uip-ds6.o)
                0x00007428                uip_ds6_maddr_lookup
 .text.uip_ds6_addr_rm
                0x00007452       0x54 contiki-sky.a(uip-ds6.o)
                0x00007452                uip_ds6_addr_rm
 .text.uip_ds6_periodic
                0x000074a6       0x4a contiki-sky.a(uip-ds6.o)
                0x000074a6                uip_ds6_periodic
 .text.uip_ds6_set_addr_iid
                0x000074f0       0x14 contiki-sky.a(uip-ds6.o)
                0x000074f0                uip_ds6_set_addr_iid
 .text.get_match_length
                0x00007504       0x44 contiki-sky.a(uip-ds6.o)
                0x00007504                get_match_length
 .text.uip_ds6_select_src
                0x00007548       0xaa contiki-sky.a(uip-ds6.o)
                0x00007548                uip_ds6_select_src
 .text.uip_ds6_compute_reachable_time
                0x000075f2       0x3e contiki-sky.a(uip-ds6.o)
                0x000075f2                uip_ds6_compute_reachable_time
 .text.uip_ds6_init
                0x00007630      0x154 contiki-sky.a(uip-ds6.o)
                0x00007630                uip_ds6_init
 .text.uip_nd6_ns_input
                0x00007784      0x24e contiki-sky.a(uip-nd6.o)
                0x00007784                uip_nd6_ns_input
 .text.uip_nd6_ns_output
                0x000079d2      0x17a contiki-sky.a(uip-nd6.o)
                0x000079d2                uip_nd6_ns_output
 .text.uip_nd6_na_input
                0x00007b4c      0x1bc contiki-sky.a(uip-nd6.o)
                0x00007b4c                uip_nd6_na_input
 .text.chksum   0x00007d08       0x32 contiki-sky.a(uip6.o)
 .text.upper_layer_chksum
                0x00007d3a       0x56 contiki-sky.a(uip6.o)
 .text.ext_hdr_options_process
                0x00007d90       0xd0 contiki-sky.a(uip6.o)
 .text.uip_icmp6chksum
                0x00007e60        0xa contiki-sky.a(uip6.o)
                0x00007e60                uip_icmp6chksum
 .text.uip_udpchksum
                0x00007e6a        0xa contiki-sky.a(uip6.o)
                0x00007e6a                uip_udpchksum
 .text.uip_init
                0x00007e74       0x3a contiki-sky.a(uip6.o)
                0x00007e74                uip_init
 .text.remove_ext_hdr
                0x00007eae       0x58 contiki-sky.a(uip6.o)
                0x00007eae                remove_ext_hdr
 .text.uip_udp_new
                0x00007f06       0xe4 contiki-sky.a(uip6.o)
                0x00007f06                uip_udp_new
 .text.uip_process
                0x00007fea      0x4d0 contiki-sky.a(uip6.o)
                0x00007fea                uip_process
 .text.uip_htonl
                0x000084ba       0x2e contiki-sky.a(uip6.o)
                0x000084ba                uip_htonl
 .text.coap_parse_int_option
                0x000084e8       0x46 contiki-sky.a(er-coap-13.o)
 .text.coap_get_variable
                0x0000852e       0x8c contiki-sky.a(er-coap-13.o)
 .text.coap_merge_multi_option
                0x000085ba       0x3e contiki-sky.a(er-coap-13.o)
 .text.coap_set_option_header
                0x000085f8       0xa6 contiki-sky.a(er-coap-13.o)
 .text.coap_serialize_int_option
                0x0000869e       0xda contiki-sky.a(er-coap-13.o)
 .text.coap_serialize_array_option.part.0
                0x00008778       0x34 contiki-sky.a(er-coap-13.o)
 .text.coap_serialize_array_option
                0x000087ac       0x90 contiki-sky.a(er-coap-13.o)
 .text.coap_init_connection
                0x0000883c       0x22 contiki-sky.a(er-coap-13.o)
                0x0000883c                coap_init_connection
 .text.coap_get_mid
                0x0000885e        0xc contiki-sky.a(er-coap-13.o)
                0x0000885e                coap_get_mid
 .text.coap_init_message
                0x0000886a       0x30 contiki-sky.a(er-coap-13.o)
                0x0000886a                coap_init_message
 .text.coap_serialize_message
                0x0000889a      0x3cc contiki-sky.a(er-coap-13.o)
                0x0000889a                coap_serialize_message
 .text.coap_send_message
                0x00008c66       0x4a contiki-sky.a(er-coap-13.o)
                0x00008c66                coap_send_message
 .text.coap_parse_message
                0x00008cb0      0x440 contiki-sky.a(er-coap-13.o)
                0x00008cb0                coap_parse_message
 .text.coap_get_query_variable
                0x000090f0       0x1c contiki-sky.a(er-coap-13.o)
                0x000090f0                coap_get_query_variable
 .text.coap_get_post_variable
                0x0000910c       0x20 contiki-sky.a(er-coap-13.o)
                0x0000910c                coap_get_post_variable
 .text.coap_set_status_code
                0x0000912c       0x12 contiki-sky.a(er-coap-13.o)
                0x0000912c                coap_set_status_code
 .text.coap_get_header_content_type
                0x0000913e       0x12 contiki-sky.a(er-coap-13.o)
                0x0000913e                coap_get_header_content_type
 .text.coap_set_header_content_type
                0x00009150        0xe contiki-sky.a(er-coap-13.o)
                0x00009150                coap_set_header_content_type
 .text.coap_get_header_accept
                0x0000915e       0x1a contiki-sky.a(er-coap-13.o)
                0x0000915e                coap_get_header_accept
 .text.coap_get_header_max_age
                0x00009178       0x24 contiki-sky.a(er-coap-13.o)
                0x00009178                coap_get_header_max_age
 .text.coap_set_header_max_age
                0x0000919c       0x12 contiki-sky.a(er-coap-13.o)
                0x0000919c                coap_set_header_max_age
 .text.coap_set_header_etag
                0x000091ae       0x2a contiki-sky.a(er-coap-13.o)
                0x000091ae                coap_set_header_etag
 .text.coap_get_header_if_match
                0x000091d8       0x1a contiki-sky.a(er-coap-13.o)
                0x000091d8                coap_get_header_if_match
 .text.coap_get_header_if_none_match
                0x000091f2       0x1c contiki-sky.a(er-coap-13.o)
                0x000091f2                coap_get_header_if_none_match
 .text.coap_set_header_token
                0x0000920e       0x24 contiki-sky.a(er-coap-13.o)
                0x0000920e                coap_set_header_token
 .text.coap_get_header_uri_host
                0x00009232       0x16 contiki-sky.a(er-coap-13.o)
                0x00009232                coap_get_header_uri_host
 .text.coap_get_header_uri_path
                0x00009248       0x16 contiki-sky.a(er-coap-13.o)
                0x00009248                coap_get_header_uri_path
 .text.coap_set_header_uri_path
                0x0000925e       0x2a contiki-sky.a(er-coap-13.o)
                0x0000925e                coap_set_header_uri_path
 .text.coap_get_header_uri_query
                0x00009288       0x16 contiki-sky.a(er-coap-13.o)
                0x00009288                coap_get_header_uri_query
 .text.coap_set_header_location_query
                0x0000929e       0x2c contiki-sky.a(er-coap-13.o)
                0x0000929e                coap_set_header_location_query
 .text.coap_set_header_location_path
                0x000092ca       0x5e contiki-sky.a(er-coap-13.o)
                0x000092ca                coap_set_header_location_path
 .text.coap_set_header_observe
                0x00009328        0xe contiki-sky.a(er-coap-13.o)
                0x00009328                coap_set_header_observe
 .text.coap_get_header_block2
                0x00009336       0x4c contiki-sky.a(er-coap-13.o)
                0x00009336                coap_get_header_block2
 .text.coap_set_header_block2
                0x00009382       0x42 contiki-sky.a(er-coap-13.o)
                0x00009382                coap_set_header_block2
 .text.coap_get_header_size
                0x000093c4       0x1c contiki-sky.a(er-coap-13.o)
                0x000093c4                coap_get_header_size
 .text.coap_set_header_size
                0x000093e0       0x12 contiki-sky.a(er-coap-13.o)
                0x000093e0                coap_set_header_size
 .text.coap_get_payload
                0x000093f2       0x1a contiki-sky.a(er-coap-13.o)
                0x000093f2                coap_get_payload
 .text.coap_set_payload
                0x0000940c       0x16 contiki-sky.a(er-coap-13.o)
                0x0000940c                coap_set_payload
 .text.coap_set_service_callback
                0x00009422        0x6 contiki-sky.a(er-coap-13-engi)
                0x00009422                coap_set_service_callback
 .text.coap_get_rest_method
                0x00009428       0x18 contiki-sky.a(er-coap-13-engi)
                0x00009428                coap_get_rest_method
 .text.process_thread_coap_receiver
                0x00009440      0x40c contiki-sky.a(er-coap-13-engi)
 .text.coap_blocking_request_callback
                0x0000984c        0xe contiki-sky.a(er-coap-13-engi)
                0x0000984c                coap_blocking_request_callback
 .text.well_known_core_handler
                0x0000985a      0x3d6 contiki-sky.a(er-coap-13-engi)
                0x0000985a                well_known_core_handler
 .text.coap_receiver_init
                0x00009c30        0xc contiki-sky.a(er-coap-13-engi)
                0x00009c30                coap_receiver_init
 .text.coap_blocking_request
                0x00009c3c      0x122 contiki-sky.a(er-coap-13-engi)
                0x00009c3c                coap_blocking_request
 .text.coap_register_as_transaction_handler
                0x00009d5e        0x8 contiki-sky.a(er-coap-13-tran)
                0x00009d5e                coap_register_as_transaction_handler
 .text.coap_new_transaction
                0x00009d66       0x4e contiki-sky.a(er-coap-13-tran)
                0x00009d66                coap_new_transaction
 .text.coap_clear_transaction
                0x00009db4       0x26 contiki-sky.a(er-coap-13-tran)
                0x00009db4                coap_clear_transaction
 .text.coap_send_transaction
                0x00009dda       0xc4 contiki-sky.a(er-coap-13-tran)
                0x00009dda                coap_send_transaction
 .text.coap_get_transaction_by_mid
                0x00009e9e       0x1e contiki-sky.a(er-coap-13-tran)
                0x00009e9e                coap_get_transaction_by_mid
 .text.coap_check_transactions
                0x00009ebc       0x2e contiki-sky.a(er-coap-13-tran)
                0x00009ebc                coap_check_transactions
 .text.coap_remove_observer
                0x00009eea       0x1c contiki-sky.a(er-coap-13-obse)
                0x00009eea                coap_remove_observer
 .text.coap_remove_observer_by_client
                0x00009f06       0x4c contiki-sky.a(er-coap-13-obse)
                0x00009f06                coap_remove_observer_by_client
 .text.coap_remove_observer_by_url
                0x00009f52       0x76 contiki-sky.a(er-coap-13-obse)
                0x00009f52                coap_remove_observer_by_url
 .text.coap_add_observer
                0x00009fc8       0x7c contiki-sky.a(er-coap-13-obse)
                0x00009fc8                coap_add_observer
 .text.coap_remove_observer_by_mid
                0x0000a044       0x58 contiki-sky.a(er-coap-13-obse)
                0x0000a044                coap_remove_observer_by_mid
 .text.coap_notify_observers
                0x0000a09c       0xc6 contiki-sky.a(er-coap-13-obse)
                0x0000a09c                coap_notify_observers
 .text.coap_observe_handler
                0x0000a162       0x96 contiki-sky.a(er-coap-13-obse)
                0x0000a162                coap_observe_handler
 .text.rest_activate_resource
                0x0000a1f8       0x24 contiki-sky.a(erbium.o)
                0x0000a1f8                rest_activate_resource
 .text.rest_get_resources
                0x0000a21c        0x6 contiki-sky.a(erbium.o)
                0x0000a21c                rest_get_resources
 .text.init_platform
                0x0000a222        0xc contiki-sky.a(contiki-sky-pla)
                0x0000a222                init_platform
 .text.status   0x0000a22e       0x18 contiki-sky.a(button-sensor.o)
 .text.value    0x0000a246       0x20 contiki-sky.a(button-sensor.o)
 .text.configure
                0x0000a266       0x4c contiki-sky.a(button-sensor.o)
 .text.irq_p2   0x0000a2b2       0x88 contiki-sky.a(button-sensor.o)
                0x0000a2b2                irq_p2
                0x0000a2b2                __isr_1
 .text.owreadb  0x0000a33a       0x50 contiki-sky.a(ds2411.o)
 .text.ds2411_init
                0x0000a38a      0x120 contiki-sky.a(ds2411.o)
                0x0000a38a                ds2411_init
 .text.wait_ready
                0x0000a4aa       0x4a contiki-sky.a(xmem.o)
 .text.xmem_init
                0x0000a4f4       0x3c contiki-sky.a(xmem.o)
                0x0000a4f4                xmem_init
 .text.xmem_pread
                0x0000a530       0xe0 contiki-sky.a(xmem.o)
                0x0000a530                xmem_pread
 .text.node_id_restore
                0x0000a610       0x38 contiki-sky.a(node-id.o)
                0x0000a610                node_id_restore
 .text.process_thread_sensors_process
                0x0000a648       0xc2 contiki-sky.a(sensors.o)
 .text.sensors_changed
                0x0000a70a       0x2a contiki-sky.a(sensors.o)
                0x0000a70a                sensors_changed
 .text.strobe   0x0000a734       0x1c contiki-sky.a(cc2420.o)
 .text.status   0x0000a750       0x22 contiki-sky.a(cc2420.o)
 .text.getreg   0x0000a772       0x4c contiki-sky.a(cc2420.o)
 .text.setreg   0x0000a7be       0x4c contiki-sky.a(cc2420.o)
 .text.set_txpower
                0x0000a80a       0x24 contiki-sky.a(cc2420.o)
 .text.cc2420_receiving_packet
                0x0000a82e        0xc contiki-sky.a(cc2420.o)
 .text.pending_packet
                0x0000a83a        0x8 contiki-sky.a(cc2420.o)
 .text.on       0x0000a842       0x44 contiki-sky.a(cc2420.o)
 .text.flushrx  0x0000a886       0x6c contiki-sky.a(cc2420.o)
 .text.off      0x0000a8f2       0x72 contiki-sky.a(cc2420.o)
 .text.RELEASE_LOCK
                0x0000a964       0x28 contiki-sky.a(cc2420.o)
 .text.cc2420_prepare
                0x0000a98c       0x82 contiki-sky.a(cc2420.o)
 .text.getrxdata
                0x0000aa0e       0x50 contiki-sky.a(cc2420.o)
 .text.cc2420_on
                0x0000aa5e       0x22 contiki-sky.a(cc2420.o)
                0x0000aa5e                cc2420_on
 .text.cc2420_off
                0x0000aa80       0x30 contiki-sky.a(cc2420.o)
                0x0000aa80                cc2420_off
 .text.cc2420_cca
                0x0000aab0       0x82 contiki-sky.a(cc2420.o)
 .text.cc2420_read
                0x0000ab32       0xda contiki-sky.a(cc2420.o)
 .text.process_thread_cc2420_process
                0x0000ac0c       0x54 contiki-sky.a(cc2420.o)
 .text.cc2420_set_channel
                0x0000ac60       0x80 contiki-sky.a(cc2420.o)
                0x0000ac60                cc2420_set_channel
 .text.cc2420_set_pan_addr
                0x0000ace0      0x13e contiki-sky.a(cc2420.o)
                0x0000ace0                cc2420_set_pan_addr
 .text.cc2420_interrupt
                0x0000ae1e       0x1e contiki-sky.a(cc2420.o)
                0x0000ae1e                cc2420_interrupt
 .text.cc2420_get_txpower
                0x0000ae3c       0x1e contiki-sky.a(cc2420.o)
                0x0000ae3c                cc2420_get_txpower
 .text.cc2420_transmit
                0x0000ae5a      0x1a6 contiki-sky.a(cc2420.o)
 .text.cc2420_send
                0x0000b000       0x12 contiki-sky.a(cc2420.o)
 .text.cc2420_set_cca_threshold
                0x0000b012       0x16 contiki-sky.a(cc2420.o)
                0x0000b012                cc2420_set_cca_threshold
 .text.cc2420_init
                0x0000b028       0xd2 contiki-sky.a(cc2420.o)
                0x0000b028                cc2420_init
 .text.cc2420_port1_interrupt
                0x0000b0fa       0x62 contiki-sky.a(cc2420-arch.o)
                0x0000b0fa                __isr_4
                0x0000b0fa                cc2420_port1_interrupt
 .text.cc2420_arch_init
                0x0000b15c       0x1a contiki-sky.a(cc2420-arch.o)
                0x0000b15c                cc2420_arch_init
 .text.uart1_active
                0x0000b176       0x18 contiki-sky.a(uart1.o)
                0x0000b176                uart1_active
 .text.uart1_writeb
                0x0000b18e       0x18 contiki-sky.a(uart1.o)
                0x0000b18e                uart1_writeb
 .text.uart1_init
                0x0000b1a6       0xf4 contiki-sky.a(uart1.o)
                0x0000b1a6                uart1_init
 .text.putchar  0x0000b29a       0x10 contiki-sky.a(uart1-putchar.o)
                0x0000b29a                putchar
 .text.msp430_init_dco
                0x0000b2aa       0x82 contiki-sky.a(msp430.o)
                0x0000b2aa                msp430_init_dco
 .text.msp430_add_lpm_req
                0x0000b32c        0xc contiki-sky.a(msp430.o)
                0x0000b32c                msp430_add_lpm_req
 .text.msp430_cpu_init
                0x0000b338       0x2a contiki-sky.a(msp430.o)
                0x0000b338                msp430_cpu_init
 .text.splhigh_
                0x0000b362        0x8 contiki-sky.a(msp430.o)
                0x0000b362                splhigh_
 .text.msp430_sync_dco
                0x0000b36a       0x6c contiki-sky.a(msp430.o)
                0x0000b36a                msp430_sync_dco
 .text.timera1  0x0000b3d6       0xfe contiki-sky.a(clock.o)
                0x0000b3d6                __isr_5
                0x0000b3d6                timera1
 .text.clock_time
                0x0000b4d4       0x1a contiki-sky.a(clock.o)
                0x0000b4d4                clock_time
 .text.clock_init
                0x0000b4ee       0x28 contiki-sky.a(clock.o)
                0x0000b4ee                clock_init
 .text.clock_delay
                0x0000b516        0xc contiki-sky.a(clock.o)
                0x0000b516                clock_delay
 .text.clock_seconds
                0x0000b522       0x1a contiki-sky.a(clock.o)
                0x0000b522                clock_seconds
 .text.show_leds
                0x0000b53c      0x100 contiki-sky.a(leds.o)
 .text.leds_init
                0x0000b63c        0xe contiki-sky.a(leds.o)
                0x0000b63c                leds_init
 .text.leds_on  0x0000b64a       0x14 contiki-sky.a(leds.o)
                0x0000b64a                leds_on
 .text.leds_off
                0x0000b65e       0x14 contiki-sky.a(leds.o)
                0x0000b65e                leds_off
 .text.leds_arch_init
                0x0000b672        0xe contiki-sky.a(leds-arch.o)
                0x0000b672                leds_arch_init
 .text.leds_arch_set
                0x0000b680       0x38 contiki-sky.a(leds-arch.o)
                0x0000b680                leds_arch_set
 .text.watchdog_interrupt
                0x0000b6b8        0x6 contiki-sky.a(watchdog.o)
                0x0000b6b8                __isr_10
                0x0000b6b8                watchdog_interrupt
 .text.watchdog_start
                0x0000b6be       0x14 contiki-sky.a(watchdog.o)
                0x0000b6be                watchdog_start
 .text.watchdog_periodic
                0x0000b6d2       0x12 contiki-sky.a(watchdog.o)
                0x0000b6d2                watchdog_periodic
 .text.watchdog_stop
                0x0000b6e4       0x16 contiki-sky.a(watchdog.o)
                0x0000b6e4                watchdog_stop
 .text.watchdog_init
                0x0000b6fa       0x12 contiki-sky.a(watchdog.o)
                0x0000b6fa                watchdog_init
 .text.rtimer_arch_init
                0x0000b70c        0xe contiki-sky.a(rtimer-arch.o)
                0x0000b70c                rtimer_arch_init
 .text.rtimer_arch_now
                0x0000b71a        0xe contiki-sky.a(rtimer-arch.o)
                0x0000b71a                rtimer_arch_now
 .text.timera0  0x0000b728       0x70 contiki-sky.a(rtimer-arch.o)
                0x0000b728                __isr_6
                0x0000b728                timera0
 .text.rtimer_arch_schedule
                0x0000b798        0x6 contiki-sky.a(rtimer-arch.o)
                0x0000b798                rtimer_arch_schedule
 .text.field_len
                0x0000b79e       0x90 contiki-sky.a(frame802154.o)
 .text.frame802154_hdrlen
                0x0000b82e       0x2e contiki-sky.a(frame802154.o)
                0x0000b82e                frame802154_hdrlen
 .text.frame802154_create
                0x0000b85c      0x172 contiki-sky.a(frame802154.o)
                0x0000b85c                frame802154_create
 .text.frame802154_parse
                0x0000b9ce      0x1c4 contiki-sky.a(frame802154.o)
                0x0000b9ce                frame802154_parse
 .text.rpl_purge_routes
                0x0000bb92       0x96 contiki-sky.a(rpl.o)
                0x0000bb92                rpl_purge_routes
 .text.rpl_remove_routes
                0x0000bc28       0x22 contiki-sky.a(rpl.o)
                0x0000bc28                rpl_remove_routes
 .text.rpl_remove_routes_by_nexthop
                0x0000bc4a       0x46 contiki-sky.a(rpl.o)
                0x0000bc4a                rpl_remove_routes_by_nexthop
 .text.rpl_add_route
                0x0000bc90       0x48 contiki-sky.a(rpl.o)
                0x0000bc90                rpl_add_route
 .text.rpl_link_neighbor_callback
                0x0000bcd8       0x6a contiki-sky.a(rpl.o)
                0x0000bcd8                rpl_link_neighbor_callback
 .text.rpl_ipv6_neighbor_callback
                0x0000bd42       0x1e contiki-sky.a(rpl.o)
                0x0000bd42                rpl_ipv6_neighbor_callback
 .text.rpl_init
                0x0000bd60       0x40 contiki-sky.a(rpl.o)
                0x0000bd60                rpl_init
 .text.lollipop_greater_than
                0x0000bda0       0x3c contiki-sky.a(rpl-dag.o)
 .text.find_parent_any_dag_any_instance
                0x0000bddc       0x14 contiki-sky.a(rpl-dag.o)
 .text.rpl_set_preferred_parent
                0x0000bdf0       0x30 contiki-sky.a(rpl-dag.o)
 .text.set_ip_from_prefix
                0x0000be20       0x38 contiki-sky.a(rpl-dag.o)
 .text.check_prefix
                0x0000be58       0x80 contiki-sky.a(rpl-dag.o)
 .text.rpl_dag_init
                0x0000bed8        0xe contiki-sky.a(rpl-dag.o)
                0x0000bed8                rpl_dag_init
 .text.rpl_get_parent_ipaddr
                0x0000bee6       0x10 contiki-sky.a(rpl-dag.o)
                0x0000bee6                rpl_get_parent_ipaddr
 .text.rpl_set_prefix
                0x0000bef6       0x8e contiki-sky.a(rpl-dag.o)
                0x0000bef6                rpl_set_prefix
 .text.rpl_set_default_route
                0x0000bf84       0x64 contiki-sky.a(rpl-dag.o)
                0x0000bf84                rpl_set_default_route
 .text.rpl_alloc_instance
                0x0000bfe8       0x2c contiki-sky.a(rpl-dag.o)
                0x0000bfe8                rpl_alloc_instance
 .text.rpl_add_parent
                0x0000c014       0x3c contiki-sky.a(rpl-dag.o)
                0x0000c014                rpl_add_parent
 .text.rpl_find_parent
                0x0000c050       0x1c contiki-sky.a(rpl-dag.o)
                0x0000c050                rpl_find_parent
 .text.rpl_find_parent_any_dag
                0x0000c06c       0x24 contiki-sky.a(rpl-dag.o)
                0x0000c06c                rpl_find_parent_any_dag
 .text.rpl_select_parent
                0x0000c090       0x5c contiki-sky.a(rpl-dag.o)
                0x0000c090                rpl_select_parent
 .text.rpl_select_dag
                0x0000c0ec      0x1ae contiki-sky.a(rpl-dag.o)
                0x0000c0ec                rpl_select_dag
 .text.rpl_nullify_parent
                0x0000c29a       0x4e contiki-sky.a(rpl-dag.o)
                0x0000c29a                rpl_nullify_parent
 .text.rpl_remove_parent
                0x0000c2e8       0x16 contiki-sky.a(rpl-dag.o)
                0x0000c2e8                rpl_remove_parent
 .text.remove_parents.constprop.5
                0x0000c2fe       0x32 contiki-sky.a(rpl-dag.o)
 .text.rpl_free_dag
                0x0000c330       0x34 contiki-sky.a(rpl-dag.o)
                0x0000c330                rpl_free_dag
 .text.rpl_free_instance
                0x0000c364       0x5c contiki-sky.a(rpl-dag.o)
                0x0000c364                rpl_free_instance
 .text.rpl_move_parent
                0x0000c3c0       0x6e contiki-sky.a(rpl-dag.o)
                0x0000c3c0                rpl_move_parent
 .text.rpl_get_any_dag
                0x0000c42e       0x16 contiki-sky.a(rpl-dag.o)
                0x0000c42e                rpl_get_any_dag
 .text.rpl_get_instance
                0x0000c444       0x16 contiki-sky.a(rpl-dag.o)
                0x0000c444                rpl_get_instance
 .text.get_dag  0x0000c45a       0x58 contiki-sky.a(rpl-dag.o)
 .text.rpl_alloc_dag
                0x0000c4b2       0x66 contiki-sky.a(rpl-dag.o)
                0x0000c4b2                rpl_alloc_dag
 .text.rpl_repair_root
                0x0000c518       0x4c contiki-sky.a(rpl-dag.o)
                0x0000c518                rpl_repair_root
 .text.rpl_find_of
                0x0000c564       0x10 contiki-sky.a(rpl-dag.o)
                0x0000c564                rpl_find_of
 .text.rpl_join_instance
                0x0000c574      0x13c contiki-sky.a(rpl-dag.o)
                0x0000c574                rpl_join_instance
 .text.rpl_local_repair
                0x0000c6b0       0x80 contiki-sky.a(rpl-dag.o)
                0x0000c6b0                rpl_local_repair
 .text.rpl_process_parent_event
                0x0000c730       0x80 contiki-sky.a(rpl-dag.o)
                0x0000c730                rpl_process_parent_event
 .text.rpl_recalculate_ranks
                0x0000c7b0       0x42 contiki-sky.a(rpl-dag.o)
                0x0000c7b0                rpl_recalculate_ranks
 .text.rpl_add_dag
                0x0000c7f2      0x112 contiki-sky.a(rpl-dag.o)
                0x0000c7f2                rpl_add_dag
 .text.rpl_process_dio
                0x0000c904      0x274 contiki-sky.a(rpl-dag.o)
                0x0000c904                rpl_process_dio
 .text.get32    0x0000cb78       0x46 contiki-sky.a(rpl-icmp6.o)
 .text.set32    0x0000cbbe       0x2a contiki-sky.a(rpl-icmp6.o)
 .text.get16    0x0000cbe8        0xe contiki-sky.a(rpl-icmp6.o)
 .text.set16    0x0000cbf6       0x10 contiki-sky.a(rpl-icmp6.o)
 .text.dis_output
                0x0000cc06       0x50 contiki-sky.a(rpl-icmp6.o)
                0x0000cc06                dis_output
 .text.dio_output
                0x0000cc56      0x264 contiki-sky.a(rpl-icmp6.o)
                0x0000cc56                dio_output
 .text.dao_output_target
                0x0000ceba       0xdc contiki-sky.a(rpl-icmp6.o)
                0x0000ceba                dao_output_target
 .text.dao_output
                0x0000cf96       0x7e contiki-sky.a(rpl-icmp6.o)
                0x0000cf96                dao_output
 .text.dao_ack_output
                0x0000d014       0x32 contiki-sky.a(rpl-icmp6.o)
                0x0000d014                dao_ack_output
 .text.uip_rpl_input
                0x0000d046      0x52a contiki-sky.a(rpl-icmp6.o)
                0x0000d046                uip_rpl_input
 .text.new_dio_interval
                0x0000d570       0x92 contiki-sky.a(rpl-timers.o)
 .text.handle_periodic_timer
                0x0000d602       0x2e contiki-sky.a(rpl-timers.o)
 .text.handle_dao_timer
                0x0000d630       0x50 contiki-sky.a(rpl-timers.o)
 .text.handle_dio_timer
                0x0000d680       0x82 contiki-sky.a(rpl-timers.o)
 .text.rpl_reset_periodic_timer
                0x0000d702       0x54 contiki-sky.a(rpl-timers.o)
                0x0000d702                rpl_reset_periodic_timer
 .text.rpl_reset_dio_timer
                0x0000d756       0x18 contiki-sky.a(rpl-timers.o)
                0x0000d756                rpl_reset_dio_timer
 .text.rpl_schedule_dao
                0x0000d76e       0x4e contiki-sky.a(rpl-timers.o)
                0x0000d76e                rpl_schedule_dao
 .text.reset    0x0000d7bc        0x2 contiki-sky.a(rpl-mrhof.o)
 .text.neighbor_link_callback
                0x0000d7be       0x86 contiki-sky.a(rpl-mrhof.o)
 .text.calculate_rank
                0x0000d844       0x2c contiki-sky.a(rpl-mrhof.o)
 .text.update_metric_container
                0x0000d870        0x6 contiki-sky.a(rpl-mrhof.o)
 .text.best_dag
                0x0000d876       0x2e contiki-sky.a(rpl-mrhof.o)
 .text.best_parent
                0x0000d8a4       0x52 contiki-sky.a(rpl-mrhof.o)
 .text.rpl_verify_header
                0x0000d8f6       0xb4 contiki-sky.a(rpl-ext-header.)
                0x0000d8f6                rpl_verify_header
 .text.rpl_update_header_empty
                0x0000d9aa       0xf8 contiki-sky.a(rpl-ext-header.)
                0x0000d9aa                rpl_update_header_empty
 .text.rpl_update_header_final
                0x0000daa2       0x88 contiki-sky.a(rpl-ext-header.)
                0x0000daa2                rpl_update_header_final
 .text.rpl_invert_header
                0x0000db2a       0x4e contiki-sky.a(rpl-ext-header.)
                0x0000db2a                rpl_invert_header
 .text.rpl_insert_header
                0x0000db78       0x1c contiki-sky.a(rpl-ext-header.)
                0x0000db78                rpl_insert_header
 .text.stimer_set
                0x0000db94       0x1c contiki-sky.a(stimer.o)
                0x0000db94                stimer_set
 .text.stimer_restart
                0x0000dbb0       0x14 contiki-sky.a(stimer.o)
                0x0000dbb0                stimer_restart
 .text.stimer_expired
                0x0000dbc4       0x30 contiki-sky.a(stimer.o)
                0x0000dbc4                stimer_expired
 .text.item_from_index
                0x0000dbf4       0x2a contiki-sky.a(nbr-table.o)
 .text.index_from_key
                0x0000dc1e       0x26 contiki-sky.a(nbr-table.o)
 .text.index_from_item
                0x0000dc44       0x1e contiki-sky.a(nbr-table.o)
 .text.nbr_set_bit
                0x0000dc62       0x58 contiki-sky.a(nbr-table.o)
 .text.index_from_lladdr
                0x0000dcba       0x42 contiki-sky.a(nbr-table.o)
 .text.nbr_get_bit.constprop.0
                0x0000dcfc       0x2e contiki-sky.a(nbr-table.o)
 .text.nbr_table_register
                0x0000dd2a       0x26 contiki-sky.a(nbr-table.o)
                0x0000dd2a                nbr_table_register
 .text.nbr_table_next
                0x0000dd50       0x54 contiki-sky.a(nbr-table.o)
                0x0000dd50                nbr_table_next
 .text.nbr_table_head
                0x0000dda4       0x3a contiki-sky.a(nbr-table.o)
                0x0000dda4                nbr_table_head
 .text.nbr_table_add_lladdr
                0x0000ddde      0x128 contiki-sky.a(nbr-table.o)
                0x0000ddde                nbr_table_add_lladdr
 .text.nbr_table_get_from_lladdr
                0x0000df06       0x2c contiki-sky.a(nbr-table.o)
                0x0000df06                nbr_table_get_from_lladdr
 .text.nbr_table_remove
                0x0000df32       0x32 contiki-sky.a(nbr-table.o)
                0x0000df32                nbr_table_remove
 .text.nbr_table_lock
                0x0000df64       0x10 contiki-sky.a(nbr-table.o)
                0x0000df64                nbr_table_lock
 .text.nbr_table_unlock
                0x0000df74       0x10 contiki-sky.a(nbr-table.o)
                0x0000df74                nbr_table_unlock
 .text.nbr_table_get_lladdr
                0x0000df84       0x22 contiki-sky.a(nbr-table.o)
                0x0000df84                nbr_table_get_lladdr
 .text.uip_icmp6_echo_request_input
                0x0000dfa6      0x12c contiki-sky.a(uip-icmp6.o)
                0x0000dfa6                uip_icmp6_echo_request_input
 .text.uip_icmp6_error_output
                0x0000e0d2      0x17e contiki-sky.a(uip-icmp6.o)
                0x0000e0d2                uip_icmp6_error_output
 .text.uip_icmp6_send
                0x0000e250       0x94 contiki-sky.a(uip-icmp6.o)
                0x0000e250                uip_icmp6_send
 .text.uip_udp_packet_send
                0x0000e2e4       0x2e contiki-sky.a(uip-udp-packet.)
                0x0000e2e4                uip_udp_packet_send
 .text.spi_init
                0x0000e312       0x30 contiki-sky.a(spi.o)
                0x0000e312                spi_init
 .text.libgcc   0x0000e342       0x2c /usr/local/msp430/bin/../lib/gcc/msp430/4.7.0/mmpy-16/libgcc.a(_mulsi3.o)
                0x0000e342                __mulsi3
 .text.libgcc   0x0000e36e       0x22 /usr/local/msp430/bin/../lib/gcc/msp430/4.7.0/mmpy-16/libgcc.a(_udivmod16.o)
                0x0000e36e                __udivhi3
                0x0000e36e                __ext_udivmod16
                0x0000e388                __umodhi3
 .text.libgcc   0x0000e390       0x3a /usr/local/msp430/bin/../lib/gcc/msp430/4.7.0/mmpy-16/libgcc.a(_divmod16.o)
                0x0000e390                __ext_divmod16
                0x0000e390                __divhi3
                0x0000e3c2                __modhi3
 .text.libgcc   0x0000e3ca       0x40 /usr/local/msp430/bin/../lib/gcc/msp430/4.7.0/mmpy-16/libgcc.a(_udivmod32.o)
                0x0000e3ca                __udivsi3
                0x0000e3ca                __ext_udivmod32
                0x0000e400                __umodsi3
 .text.printf   0x0000e40a       0x10 /usr/local/msp430/bin/../lib/gcc/msp430/4.7.0/../../../../msp430/lib/mmpy-16/libc.a(printf.o)
                0x0000e40a                printf
 .text.append   0x0000e41a       0x22 /usr/local/msp430/bin/../lib/gcc/msp430/4.7.0/../../../../msp430/lib/mmpy-16/libc.a(sprintf.o)
 .text.call_vuprintf
                0x0000e43c       0x3a /usr/local/msp430/bin/../lib/gcc/msp430/4.7.0/../../../../msp430/lib/mmpy-16/libc.a(sprintf.o)
 .text.snprintf
                0x0000e476       0x1a /usr/local/msp430/bin/../lib/gcc/msp430/4.7.0/../../../../msp430/lib/mmpy-16/libc.a(sprintf.o)
                0x0000e476                snprintf
 .text.print_field
                0x0000e490      0x194 /usr/local/msp430/bin/../lib/gcc/msp430/4.7.0/../../../../msp430/lib/mmpy-16/libc.a(vuprintf.o)
 .text.vuprintf
                0x0000e624      0x63c /usr/local/msp430/bin/../lib/gcc/msp430/4.7.0/../../../../msp430/lib/mmpy-16/libc.a(vuprintf.o)
                0x0000e624                vuprintf
 .text.puts     0x0000ec60       0x2c /usr/local/msp430/bin/../lib/gcc/msp430/4.7.0/../../../../msp430/lib/mmpy-16/libc.a(puts.o)
                0x0000ec60                puts
 .text.rand     0x0000ec8c       0x26 /usr/local/msp430/bin/../lib/gcc/msp430/4.7.0/../../../../msp430/lib/mmpy-16/libc.a(rand.o)
                0x0000ec8c                rand
 .text.srand    0x0000ecb2        0xa /usr/local/msp430/bin/../lib/gcc/msp430/4.7.0/../../../../msp430/lib/mmpy-16/libc.a(rand.o)
                0x0000ecb2                srand
 .text.strchr   0x0000ecbc       0x16 /usr/local/msp430/bin/../lib/gcc/msp430/4.7.0/../../../../msp430/lib/mmpy-16/libc.a(strchr.o)
                0x0000ecbc                strchr
 .text.memchr   0x0000ecd2       0x1e /usr/local/msp430/bin/../lib/gcc/msp430/4.7.0/../../../../msp430/lib/mmpy-16/libc.a(memchr.o)
                0x0000ecd2                memchr
 .text.strcmp   0x0000ecf0       0x1e /usr/local/msp430/bin/../lib/gcc/msp430/4.7.0/../../../../msp430/lib/mmpy-16/libc.a(strcmp.o)
                0x0000ecf0                strcmp
 .text.strncmp  0x0000ed0e       0x2a /usr/local/msp430/bin/../lib/gcc/msp430/4.7.0/../../../../msp430/lib/mmpy-16/libc.a(strncmp.o)
                0x0000ed0e                strncmp
 .text.memcmp   0x0000ed38       0x30 /usr/local/msp430/bin/../lib/gcc/msp430/4.7.0/../../../../msp430/lib/mmpy-16/libc.a(memcmp.o)
                0x0000ed38                memcmp
 .text.memcpy   0x0000ed68       0xfa /usr/local/msp430/bin/../lib/gcc/msp430/4.7.0/../../../../msp430/lib/mmpy-16/libc.a(memcpy.o)
                0x0000ed68                memcpy
 .text.memmove  0x0000ee62       0xfa /usr/local/msp430/bin/../lib/gcc/msp430/4.7.0/../../../../msp430/lib/mmpy-16/libc.a(memmove.o)
                0x0000ee62                memmove
 .text.memset   0x0000ef5c       0x6a /usr/local/msp430/bin/../lib/gcc/msp430/4.7.0/../../../../msp430/lib/mmpy-16/libc.a(memset.o)
                0x0000ef5c                memset
 .text.strstr   0x0000efc6       0x54 /usr/local/msp430/bin/../lib/gcc/msp430/4.7.0/../../../../msp430/lib/mmpy-16/libc.a(strstr.o)
                0x0000efc6                strstr
 .text.libgcc   0x0000f01a       0xf0 /usr/local/msp430/bin/../lib/gcc/msp430/4.7.0/mmpy-16/libgcc.a(_udivmod64.o)
                0x0000f01a                __xabi_udivmod64
                0x0000f078                __udivdi3
                0x0000f09e                __umoddi3
                0x0000f0cc                __udivmoddi4
 .text.crt0     0x0000f10a        0x2 /usr/local/msp430/bin/../lib/gcc/msp430/4.7.0/mmpy-16/libcrt0.a(_unexpected_.o)
                0x0000f10a                _unexpected_
 *(.near.text .near.text.*)

.rodata         0x0000f10c      0x4bd
                0x0000f10c                . = ALIGN (0x2)
 *(.rodata .rodata.* .gnu.linkonce.r.*)
 .rodata        0x0000f10c       0xd4 FOG_client.co
                0x0000f1c8                autostart_processes
 .rodata        0x0000f1e0      0x12a obj_sky/contiki-sky-main.o
 .rodata        0x0000f30a        0x8 contiki-sky.a(rimeaddr.o)
                0x0000f30a                rimeaddr_null
 .rodata        0x0000f312       0x18 contiki-sky.a(nullrdc.o)
                0x0000f31a                nullrdc_driver
 .rodata        0x0000f32a        0x4 contiki-sky.a(framer-802154.o)
                0x0000f32a                framer_802154
 .rodata        0x0000f32e       0x14 contiki-sky.a(csma.o)
                0x0000f334                csma_driver
 .rodata        0x0000f342        0xc contiki-sky.a(etimer.o)
 .rodata        0x0000f34e        0xf contiki-sky.a(ctimer.o)
 *fill*         0x0000f35d        0x1 00
 .rodata        0x0000f35e       0x24 contiki-sky.a(sicslowpan.o)
                0x0000f36a                sicslowpan_driver
                0x0000f370                llprefix
                0x0000f372                unc_mxconf
                0x0000f376                unc_ctxconf
                0x0000f37a                unc_llconf
 .rodata        0x0000f382        0xd contiki-sky.a(tcpip.o)
 .rodata        0x0000f38f       0x8a contiki-sky.a(er-coap-13.o)
 *fill*         0x0000f419        0x3 00
 .rodata.coap_parse_message
                0x0000f41c       0x48 contiki-sky.a(er-coap-13.o)
 .rodata        0x0000f464      0x104 contiki-sky.a(er-coap-13-engi)
                0x0000f4b6                coap_rest_implementation
 .rodata        0x0000f568       0x1d contiki-sky.a(er-coap-13-obse)
 *fill*         0x0000f585        0x1 00
 .rodata        0x0000f586       0x10 contiki-sky.a(button-sensor.o)
                0x0000f58e                button_sensor
 .rodata        0x0000f596        0x8 contiki-sky.a(sensors.o)
 .rodata        0x0000f59e       0x22 contiki-sky.a(cc2420.o)
                0x0000f59e                cc2420_driver
 .rodata        0x0000f5c0        0x2 contiki-sky.a(frame802154.o)
 .rodata.vuprintf
                0x0000f5c2        0x7 /usr/local/msp430/bin/../lib/gcc/msp430/4.7.0/../../../../msp430/lib/mmpy-16/libc.a(vuprintf.o)
 *(.near.rodata .near.rodata.*)
                0x0000f5ca                . = ALIGN (0x2)
                0x0000f5ca                _etext = .

.data           0x00001100       0xee load address 0x0000f5ca
                0x00001100                . = ALIGN (0x2)
                0x00001100                __data_start = .
 *(.data .data.* .gnu.linkonce.d.*)
 .data          0x00001100       0x12 FOG_client.co
                0x00001100                payloadSize
                0x00001102                service_urls
                0x00001108                coap_client_example
 .data          0x00001112       0x18 contiki-sky.a(csma.o)
 .data          0x0000112a        0xa contiki-sky.a(etimer.o)
                0x0000112a                etimer_process
 .data          0x00001134        0xa contiki-sky.a(ctimer.o)
                0x00001134                ctimer_process
 .data          0x0000113e       0x18 contiki-sky.a(queuebuf.o)
 .data          0x00001156        0xa contiki-sky.a(tcpip.o)
                0x00001156                tcpip_process
 .data          0x00001160       0x18 contiki-sky.a(uip-ds6-route.o)
 .data          0x00001178        0xa contiki-sky.a(uip-ds6-nbr.o)
                0x00001178                ds6_neighbors
 .data          0x00001182        0x2 contiki-sky.a(er-coap-13.o)
                0x00001182                coap_error_message
 .data          0x00001184       0x1c contiki-sky.a(er-coap-13-engi)
                0x00001184                resource_well_known_core
                0x00001196                coap_receiver
 .data          0x000011a0        0x8 contiki-sky.a(er-coap-13-tran)
 .data          0x000011a8        0x8 contiki-sky.a(er-coap-13-obse)
 .data          0x000011b0        0x4 contiki-sky.a(contiki-sky-pla)
                0x000011b0                sensors
 .data          0x000011b4        0xa contiki-sky.a(sensors.o)
                0x000011b4                sensors_process
 .data          0x000011be        0xa contiki-sky.a(cc2420.o)
                0x000011be                cc2420_process
 .data          0x000011c8        0x2 contiki-sky.a(msp430.o)
 .data          0x000011ca        0x8 contiki-sky.a(rpl-dag.o)
 .data          0x000011d2        0x1 contiki-sky.a(rpl-icmp6.o)
 *fill*         0x000011d3        0x1 00
 .data          0x000011d4        0xe contiki-sky.a(rpl-mrhof.o)
                0x000011d4                rpl_mrhof
 .data          0x000011e2        0x8 contiki-sky.a(nbr-table.o)
 .data.next     0x000011ea        0x4 /usr/local/msp430/bin/../lib/gcc/msp430/4.7.0/../../../../msp430/lib/mmpy-16/libc.a(rand.o)
 *(.near.data .near.data.*)
                0x000011ee                . = ALIGN (0x2)
                0x000011ee                _edata = .
                0x0000f5ca                __data_load_start = LOADADDR (.data)
                0x000000ee                __data_size = SIZEOF (.data)

.bss            0x000011ee     0x15fa load address 0x0000f6b8
                0x000011ee                __bss_start = .
 *(.bss .bss.*)
 .bss           0x000011ee       0xb0 FOG_client.co
                0x000011ee                resetter
                0x000011f0                total
 .bss           0x0000129e        0xc obj_sky/contiki-sky-main.o
 .bss           0x000012aa        0x2 contiki-sky.a(framer-802154.o)
 .bss           0x000012ac       0x8a contiki-sky.a(csma.o)
 .bss           0x00001336       0x42 contiki-sky.a(process.o)
                0x00001336                process_current
                0x00001338                process_list
 .bss           0x00001378        0x6 contiki-sky.a(etimer.o)
 .bss           0x0000137e        0x4 contiki-sky.a(ctimer.o)
 .bss           0x00001382        0x2 contiki-sky.a(rtimer.o)
 .bss           0x00001384       0xba contiki-sky.a(packetbuf.o)
 .bss           0x0000143e      0x3c6 contiki-sky.a(queuebuf.o)
 .bss           0x00001804      0x122 contiki-sky.a(sicslowpan.o)
 .bss           0x00001926        0xe contiki-sky.a(tcpip.o)
 .bss           0x00001934      0x19e contiki-sky.a(uip-ds6-route.o)
 .bss           0x00001ad2      0x168 contiki-sky.a(uip-ds6-nbr.o)
 .bss           0x00001c3a       0x18 contiki-sky.a(uip-ds6.o)
 .bss           0x00001c52        0xa contiki-sky.a(uip-nd6.o)
 .bss           0x00001c5c        0x8 contiki-sky.a(uip6.o)
                0x00001c5c                uip_ext_opt_offset
                0x00001c5d                uip_ext_len
                0x00001c5e                uip_ext_bitmap
 .bss           0x00001c64        0x6 contiki-sky.a(er-coap-13.o)
                0x00001c64                coap_error_code
 .bss           0x00001c6a       0xf8 contiki-sky.a(er-coap-13-engi)
 .bss           0x00001d62      0x2c0 contiki-sky.a(er-coap-13-tran)
 .bss           0x00002022       0x94 contiki-sky.a(er-coap-13-obse)
 .bss           0x000020b6        0x4 contiki-sky.a(erbium.o)
 .bss           0x000020ba        0x8 contiki-sky.a(button-sensor.o)
 .bss           0x000020c2        0x2 contiki-sky.a(node-id.o)
                0x000020c2                node_id
 .bss           0x000020c4        0x6 contiki-sky.a(sensors.o)
 .bss           0x000020ca        0xa contiki-sky.a(cc2420.o)
 .bss           0x000020d4       0x9a contiki-sky.a(uart1.o)
 .bss           0x0000216e        0xa contiki-sky.a(clock.o)
 .bss           0x00002178        0x2 contiki-sky.a(leds.o)
 .bss           0x0000217a        0x2 contiki-sky.a(watchdog.o)
 .bss           0x0000217c       0x64 contiki-sky.a(rpl-dag.o)
 .bss           0x000021e0       0x18 contiki-sky.a(rpl-timers.o)
 .bss           0x000021f8       0x96 contiki-sky.a(nbr-table.o)
 .bss           0x0000228e       0x10 contiki-sky.a(uip-icmp6.o)
 .bss.destination_
                0x0000229e        0x2 /usr/local/msp430/bin/../lib/gcc/msp430/4.7.0/../../../../msp430/lib/mmpy-16/libc.a(sprintf.o)
 .bss.available_
                0x000022a0        0x2 /usr/local/msp430/bin/../lib/gcc/msp430/4.7.0/../../../../msp430/lib/mmpy-16/libc.a(sprintf.o)
 *(.near.bss .near.bss.*)
 *(COMMON)
 COMMON         0x000022a2       0x10 FOG_client.co
                0x000022a2                server_ipaddr
 COMMON         0x000022b2        0x8 contiki-sky.a(rimeaddr.o)
                0x000022b2                rimeaddr_node_addr
 COMMON         0x000022ba        0x1 contiki-sky.a(process.o)
                0x000022ba                process_maxevents
 *fill*         0x000022bb        0x1 00
 COMMON         0x000022bc       0x56 contiki-sky.a(energest.o)
                0x000022bc                energest_total_time
                0x000022ec                energest_total_count
                0x000022ee                energest_current_mode
                0x000022fa                energest_current_time
 COMMON         0x00002312       0x50 contiki-sky.a(packetbuf.o)
                0x00002312                packetbuf_addrs
                0x00002332                packetbuf_attrs
 COMMON         0x00002362        0x8 contiki-sky.a(sicslowpan.o)
                0x00002362                frag_sender
 COMMON         0x0000236a        0x1 contiki-sky.a(tcpip.o)
                0x0000236a                tcpip_event
 *fill*         0x0000236b        0x1 00
 COMMON         0x0000236c      0x15c contiki-sky.a(uip-ds6.o)
                0x0000236c                uip_ds6_timer_ra
                0x00002374                uip_ds6_if
                0x00002460                uip_ds6_netif_addr_list_offset
                0x00002461                uip_ds6_addr_size
                0x00002462                uip_ds6_prefix_list
                0x000024bc                uip_ds6_timer_periodic
 COMMON         0x000024c8      0x240 contiki-sky.a(uip6.o)
                0x000024c8                uip_len
                0x000024ca                uip_sappdata
                0x000024cc                uip_lladdr
                0x000024d4                uip_aligned_buf
                0x000025c4                uip_flags
                0x000025c6                uip_next_hdr
                0x000025c8                uip_udp_conn
                0x000025ca                uip_appdata
                0x000025cc                uip_conn
                0x000025ce                uip_slen
                0x000025d0                uip_udp_conns
 COMMON         0x00002708        0x2 contiki-sky.a(contiki-sky-pla)
                0x00002708                sensors_flags
 COMMON         0x0000270a        0x8 contiki-sky.a(ds2411.o)
                0x0000270a                ds2411_id
 COMMON         0x00002712        0x1 contiki-sky.a(sensors.o)
                0x00002712                sensors_event
 *fill*         0x00002713        0x1 00
 COMMON         0x00002714       0x14 contiki-sky.a(cc2420.o)
                0x00002714                cc2420_last_rssi
                0x00002716                cc2420_packets_read
                0x00002718                cc2420_packets_seen
                0x0000271a                cc2420_sfd_start_time
                0x0000271c                cc2420_time_of_departure
                0x0000271e                cc2420_time_of_arrival
                0x00002720                cc2420_last_correlation
                0x00002722                cc2420_authority_level_of_sender
                0x00002724                cc2420_sfd_counter
                0x00002726                cc2420_sfd_end_time
 COMMON         0x00002728        0x2 contiki-sky.a(msp430.o)
                0x00002728                msp430_dco_required
 COMMON         0x0000272a       0xbe contiki-sky.a(rpl-dag.o)
                0x0000272a                default_instance
                0x0000272c                instance_table
                0x000027e8                . = ALIGN (0x2)
                0x000027e8                __bss_end = .
                0x000015fa                __bss_size = SIZEOF (.bss)

.noinit         0x000027e8        0x2 load address 0x0000f6b8
                0x000027e8                . = ALIGN (0x2)
                0x000027e8                __noinit_start = .
 *(.noinit .noinit.*)
 .noinit.crt0   0x000027e8        0x2 /usr/local/msp430/bin/../lib/gcc/msp430/4.7.0/mmpy-16/libcrt0.a(__watchdog_support.o)
                0x000027e8                __wdt_clear_value
                0x000027ea                . = ALIGN (0x2)
                0x000027ea                __noinit_end = .
                0x000027ea                . = ALIGN (0x2)
                0x000027ea                _end = .

.infomem        0x00001000        0x0
                0x00001000                . = ALIGN (0x2)
 *(.infomem .infomem.*)

.infomemnobits  0x00001000        0x0
                0x00001000                . = ALIGN (0x2)
 *(.infomemnobits .infomemnobits.*)

.infoa          0x00001080        0x0
                0x00001080                . = ALIGN (0x2)
 *(.infoa .infoa.*)

.infob          0x00001000        0x0
                0x00001000                . = ALIGN (0x2)
 *(.infob .infob.*)

.infoc          0x00000000        0x0
                0x00000000                . = ALIGN (0x2)
 *(.infoc .infoc.*)

.infod          0x00000000        0x0
                0x00000000                . = ALIGN (0x2)
 *(.infod .infod.*)

.vectors        0x0000ffe0       0x20
                0x0000ffe0                __vectors_start = .
 *(.vectors*)
 .vectors       0x0000ffe0       0x20 /usr/local/msp430/bin/../lib/gcc/msp430/4.7.0/mmpy-16/crt0ivtbl16.o
                0x0000ffe0                __ivtbl_16
                0x00010000                _vectors_end = .

.fartext        0x00000000        0x0
                0x00000000                . = ALIGN (0x2)
 *(.fartext .fartext.*)

.far.text       0x00000000        0x0
                0x00000000                . = ALIGN (0x2)
 *(.far.text .far.text.*)

.far.rodata     0x00000000        0x0
                0x00000000                . = ALIGN (0x2)
 *(.far.rodata .far.rodata.*)
                0x00000000                . = ALIGN (0x2)
                0x00000000                _efartext = .

.far.data       0x00000000        0x0
                0x00000000                . = ALIGN (0x2)
                0x00000000                __far_data_start = .
 *(.far.data .far.data.*)
                0x00000000                . = ALIGN (0x2)
                0x00000000                _efardata = .
                0x00000000                __far_data_load_start = LOADADDR (.far.data)
                0x00000000                __far_data_size = SIZEOF (.far.data)

.far.bss        0x00000000        0x0
                0x00000000                . = ALIGN (0x2)
                0x00000000                __far_bss_start = .
 *(.far.bss .far.bss.*)
                0x00000000                . = ALIGN (0x2)
                0x00000000                __far_bss_end = .
                0x00000000                __far_bss_size = SIZEOF (.far.bss)
                0x00000000                . = ALIGN (0x2)
                0x00000000                _far_end = .

.profiler
 *(.profiler)

.stab
 *(.stab)

.stabstr
 *(.stabstr)

.stab.excl
 *(.stab.excl)

.stab.exclstr
 *(.stab.exclstr)

.stab.index
 *(.stab.index)

.stab.indexstr
 *(.stab.indexstr)

.comment        0x00000000       0x30
 *(.comment)
 .comment       0x00000000       0x30 FOG_client.co
                                 0x31 (size before relaxing)
 .comment       0x00000000       0x31 obj_sky/contiki-sky-main.o
 .comment       0x00000000       0x31 contiki-sky.a(rimeaddr.o)
 .comment       0x00000000       0x31 contiki-sky.a(nullrdc.o)
 .comment       0x00000000       0x31 contiki-sky.a(mac.o)
 .comment       0x00000000       0x31 contiki-sky.a(framer-802154.o)
 .comment       0x00000000       0x31 contiki-sky.a(csma.o)
 .comment       0x00000000       0x31 contiki-sky.a(process.o)
 .comment       0x00000000       0x31 contiki-sky.a(autostart.o)
 .comment       0x00000000       0x31 contiki-sky.a(memb.o)
 .comment       0x00000000       0x31 contiki-sky.a(timer.o)
 .comment       0x00000000       0x31 contiki-sky.a(list.o)
 .comment       0x00000000       0x31 contiki-sky.a(etimer.o)
 .comment       0x00000000       0x31 contiki-sky.a(ctimer.o)
 .comment       0x00000000       0x31 contiki-sky.a(energest.o)
 .comment       0x00000000       0x31 contiki-sky.a(rtimer.o)
 .comment       0x00000000       0x31 contiki-sky.a(random.o)
 .comment       0x00000000       0x31 contiki-sky.a(packetbuf.o)
 .comment       0x00000000       0x31 contiki-sky.a(queuebuf.o)
 .comment       0x00000000       0x31 contiki-sky.a(sicslowpan.o)
 .comment       0x00000000       0x31 contiki-sky.a(tcpip.o)
 .comment       0x00000000       0x31 contiki-sky.a(uip-ds6-route.o)
 .comment       0x00000000       0x31 contiki-sky.a(uip-ds6-nbr.o)
 .comment       0x00000000       0x31 contiki-sky.a(uip-ds6.o)
 .comment       0x00000000       0x31 contiki-sky.a(uip-nd6.o)
 .comment       0x00000000       0x31 contiki-sky.a(uip6.o)
 .comment       0x00000000       0x31 contiki-sky.a(er-coap-13.o)
 .comment       0x00000000       0x31 contiki-sky.a(er-coap-13-engi)
 .comment       0x00000000       0x31 contiki-sky.a(er-coap-13-tran)
 .comment       0x00000000       0x31 contiki-sky.a(er-coap-13-obse)
 .comment       0x00000000       0x31 contiki-sky.a(erbium.o)
 .comment       0x00000000       0x31 contiki-sky.a(contiki-sky-pla)
 .comment       0x00000000       0x31 contiki-sky.a(button-sensor.o)
 .comment       0x00000000       0x31 contiki-sky.a(ds2411.o)
 .comment       0x00000000       0x31 contiki-sky.a(xmem.o)
 .comment       0x00000000       0x31 contiki-sky.a(node-id.o)
 .comment       0x00000000       0x31 contiki-sky.a(sensors.o)
 .comment       0x00000000       0x31 contiki-sky.a(cc2420.o)
 .comment       0x00000000       0x31 contiki-sky.a(cc2420-arch.o)
 .comment       0x00000000       0x31 contiki-sky.a(uart1.o)
 .comment       0x00000000       0x31 contiki-sky.a(uart1-putchar.o)
 .comment       0x00000000       0x31 contiki-sky.a(msp430.o)
 .comment       0x00000000       0x31 contiki-sky.a(clock.o)
 .comment       0x00000000       0x31 contiki-sky.a(leds.o)
 .comment       0x00000000       0x31 contiki-sky.a(leds-arch.o)
 .comment       0x00000000       0x31 contiki-sky.a(watchdog.o)
 .comment       0x00000000       0x31 contiki-sky.a(rtimer-arch.o)
 .comment       0x00000000       0x31 contiki-sky.a(frame802154.o)
 .comment       0x00000000       0x31 contiki-sky.a(rpl.o)
 .comment       0x00000000       0x31 contiki-sky.a(rpl-dag.o)
 .comment       0x00000000       0x31 contiki-sky.a(rpl-icmp6.o)
 .comment       0x00000000       0x31 contiki-sky.a(rpl-timers.o)
 .comment       0x00000000       0x31 contiki-sky.a(rpl-mrhof.o)
 .comment       0x00000000       0x31 contiki-sky.a(rpl-ext-header.)
 .comment       0x00000000       0x31 contiki-sky.a(stimer.o)
 .comment       0x00000000       0x31 contiki-sky.a(nbr-table.o)
 .comment       0x00000000       0x31 contiki-sky.a(uip-icmp6.o)
 .comment       0x00000000       0x31 contiki-sky.a(uip-udp-packet.)
 .comment       0x00000000       0x31 contiki-sky.a(spi.o)
 .comment       0x00000000       0x31 /usr/local/msp430/bin/../lib/gcc/msp430/4.7.0/../../../../msp430/lib/mmpy-16/libc.a(printf.o)
 .comment       0x00000000       0x31 /usr/local/msp430/bin/../lib/gcc/msp430/4.7.0/../../../../msp430/lib/mmpy-16/libc.a(sprintf.o)
 .comment       0x00000000       0x31 /usr/local/msp430/bin/../lib/gcc/msp430/4.7.0/../../../../msp430/lib/mmpy-16/libc.a(vuprintf.o)
 .comment       0x00000000       0x31 /usr/local/msp430/bin/../lib/gcc/msp430/4.7.0/../../../../msp430/lib/mmpy-16/libc.a(puts.o)
 .comment       0x00000000       0x31 /usr/local/msp430/bin/../lib/gcc/msp430/4.7.0/../../../../msp430/lib/mmpy-16/libc.a(rand.o)
 .comment       0x00000000       0x31 /usr/local/msp430/bin/../lib/gcc/msp430/4.7.0/../../../../msp430/lib/mmpy-16/libc.a(strchr.o)
 .comment       0x00000000       0x31 /usr/local/msp430/bin/../lib/gcc/msp430/4.7.0/../../../../msp430/lib/mmpy-16/libc.a(memchr.o)
 .comment       0x00000000       0x31 /usr/local/msp430/bin/../lib/gcc/msp430/4.7.0/../../../../msp430/lib/mmpy-16/libc.a(strcmp.o)
 .comment       0x00000000       0x31 /usr/local/msp430/bin/../lib/gcc/msp430/4.7.0/../../../../msp430/lib/mmpy-16/libc.a(strncmp.o)
 .comment       0x00000000       0x31 /usr/local/msp430/bin/../lib/gcc/msp430/4.7.0/../../../../msp430/lib/mmpy-16/libc.a(memcmp.o)
 .comment       0x00000000       0x31 /usr/local/msp430/bin/../lib/gcc/msp430/4.7.0/../../../../msp430/lib/mmpy-16/libc.a(memcpy.o)
 .comment       0x00000000       0x31 /usr/local/msp430/bin/../lib/gcc/msp430/4.7.0/../../../../msp430/lib/mmpy-16/libc.a(memmove.o)
 .comment       0x00000000       0x31 /usr/local/msp430/bin/../lib/gcc/msp430/4.7.0/../../../../msp430/lib/mmpy-16/libc.a(memset.o)
 .comment       0x00000000       0x31 /usr/local/msp430/bin/../lib/gcc/msp430/4.7.0/../../../../msp430/lib/mmpy-16/libc.a(strstr.o)

.debug
 *(.debug)

.line
 *(.line)

.debug_srcinfo
 *(.debug_srcinfo)

.debug_sfnames
 *(.debug_sfnames)

.debug_aranges  0x00000000      0x22c
 *(.debug_aranges)
 .debug_aranges
                0x00000000       0x14 /usr/local/msp430/bin/../lib/gcc/msp430/4.7.0/mmpy-16/crt0ivtbl16.o
 .debug_aranges
                0x00000014       0x14 /usr/local/msp430/bin/../lib/gcc/msp430/4.7.0/mmpy-16/libgcc.a(_mulsi3.o)
 .debug_aranges
                0x00000028       0x14 /usr/local/msp430/bin/../lib/gcc/msp430/4.7.0/mmpy-16/libgcc.a(_udivmod16.o)
 .debug_aranges
                0x0000003c       0x14 /usr/local/msp430/bin/../lib/gcc/msp430/4.7.0/mmpy-16/libgcc.a(_divmod16.o)
 .debug_aranges
                0x00000050       0x14 /usr/local/msp430/bin/../lib/gcc/msp430/4.7.0/mmpy-16/libgcc.a(_udivmod32.o)
 .debug_aranges
                0x00000064       0x18 /usr/local/msp430/bin/../lib/gcc/msp430/4.7.0/../../../../msp430/lib/mmpy-16/libc.a(printf.o)
 .debug_aranges
                0x0000007c       0x28 /usr/local/msp430/bin/../lib/gcc/msp430/4.7.0/../../../../msp430/lib/mmpy-16/libc.a(sprintf.o)
 .debug_aranges
                0x000000a4       0x18 /usr/local/msp430/bin/../lib/gcc/msp430/4.7.0/../../../../msp430/lib/mmpy-16/libc.a(vuprintf.o)
 .debug_aranges
                0x000000bc       0x14 /usr/local/msp430/bin/../lib/gcc/msp430/4.7.0/../../../../msp430/lib/mmpy-16/libc.a(puts.o)
 .debug_aranges
                0x000000d0       0x1c /usr/local/msp430/bin/../lib/gcc/msp430/4.7.0/../../../../msp430/lib/mmpy-16/libc.a(rand.o)
 .debug_aranges